Microchip MPLAB XC8 Compiler V2.05 ()

Linker command line:

-W-3 --edf=C:\Program Files (x86)\Microchip\xc8\v2.05\pic\dat\en_msgs.txt \
  -cs -h+dist/default/debug\SieciowySystemDetekcjiKartaCzujnikowa.debug.sym \
  --cmf=dist/default/debug\SieciowySystemDetekcjiKartaCzujnikowa.debug.cmf \
  -z -Q18F4680 -oC:\Users\hp\AppData\Local\Temp\s9jg.2 \
  --defsym=__MPLAB_BUILD=1 \
  -Mdist/default/debug/SieciowySystemDetekcjiKartaCzujnikowa.debug.map -E1 \
  -ver=XC8 --acfsm=1493 -ASTACK=02E6h-0CF3h -pstack=STACK -ACODE=00h-0FD2Fh \
  -ACONST=00h-0FD2Fh -ASMALLCONST=0D00h-0DFFhx240,0FD00h-0FD2Fh \
  -AMEDIUMCONST=0D00h-0FD2Fh -ACOMRAM=01h-05Fh -AABS1=00h-0CF3h \
  -ABIGRAM=01h-0CF3h -ARAM=060h-0FFh,0100h-01FFhx11,0C00h-0CF3h \
  -ABANK0=060h-0FFh -ABANK1=0100h-01FFh -ABANK2=0200h-02FFh \
  -ABANK3=0300h-03FFh -ABANK4=0400h-04FFh -ABANK5=0500h-05FFh \
  -ABANK6=0600h-06FFh -ABANK7=0700h-07FFh -ABANK8=0800h-08FFh \
  -ABANK9=0900h-09FFh -ABANK10=0A00h-0AFFh -ABANK11=0B00h-0BFFh \
  -ABANK12=0C00h-0CF3h \
  -ASFR=0D00h-0DFFhx2,0F00h-0F5Fh,0F60h-0F9Bh,0F9Dh-0FD3h,0FD5h-0FDAh,0FE0h-0FE2h,0FE8h-0FEAh,0FF0h-0FFCh \
  -preset_vec=00h,intcode=08h,intcodelo=018h,powerup,init -pramtop=0D00h \
  -psmallconst=SMALLCONST -pmediumconst=MEDIUMCONST -pconst=CONST \
  -AFARRAM=00h-00h -ACONFIG=0300000h-030000Dh -pconfig=CONFIG \
  -AIDLOC=0200000h-0200007h -pidloc=IDLOC -AEEDATA=0F00000h-0F003FFh \
  -peeprom_data=EEDATA \
  -prdata=COMRAM,nvrram=COMRAM,nvbit=COMRAM,rbss=COMRAM,rbit=COMRAM \
  -pfarbss=FARRAM,fardata=FARRAM,nvFARRAM=FARRAM \
  -pintsave_regs=BIGRAM,bigbss=BIGRAM,bigdata=BIGRAM -pbss=RAM \
  -pidata=CODE,irdata=CODE,ibigdata=CODE,ifardata=CODE -prparam=COMRAM \
  C:\Users\hp\AppData\Local\Temp\s9jg.o \
  dist/default/debug\SieciowySystemDetekcjiKartaCzujnikowa.debug.o 

Object code version is 3.11

Machine type is 18F4680

Call graph: (short form)




                Name                               Link     Load   Length Selector   Space Scale
C:\Users\hp\AppData\Local\Temp\s9jg.o
                init                                 5C       5C        4        C       0
                reset_vec                             0        0        4        0       0
                idloc                            200000   200000        8   200000       0
                config                           300000   300000        E   300000       0
dist/default/debug\SieciowySystemDetekcjiKartaCzujnikowa.debug.o
                intcodelo                            18       18       44        C       0
                intcode                               8        8        6        4       0
                temp                                 54       54        1        1       1
                intcode_body                       1018     1018        6      804       0
                text36                              F1E      F1E       24        C       0
                text35                              FF4      FF4        A        C       0
                text33                              ED0      ED0       28        C       0
                text32                              C00      C00       64        C       0
                text31                              C64      C64       5C        C       0
                text30                              FBE      FBE        E        C       0
                text29                              6AE      6AE      152        C       0
                text28                              E44      E44       34        C       0
                text27                              F60      F60       1E        C       0
                text26                              F98      F98       18        C       0
                text25                              F7E      F7E       1A        C       0
                text24                              E02      E02       42        C       0
                text23                              D6C      D6C       4C        C       0
                text22                              D1A      D1A       52        C       0
                text21                              9BE      9BE       B0        C       0
                text20                              B86      B86       7A        C       0
                text19                              FEA      FEA        A        C       0
                text18                              FE0      FE0        A        C       0
                text17                              EA6      EA6       2A        C       0
                text16                              B02      B02       84        C       0
                text15                               60       60      27C        C       0
                text14                              A6E      A6E       94        C       0
                text13                              540      540      16E        C       0
                text12                              EF8      EF8       26        C       0
                text11                              2DC      2DC      264        C       0
                text10                             101E     101E        4      804       0
                text9                              1010     1010        8      804       0
                text8                               FD6      FD6        A        C       0
                text7                               FB0      FB0        E        C       0
                text6                              1008     1008        8      804       0
                text5                               FCC      FCC        A        C       0
                text4                               8F0      8F0       CE        C       0
                text3                               F42      F42       1E        C       0
                text2                               800      800       F0        C       0
                text1                               DB8      DB8       4A        C       0
                text0                               E78      E78       2E        C       0
                cstackCOMRAM                          1        1       35        1       1
                bssBIGRAM                            C6       C6      220       C6       1
                bssBANK0                             60       60       66       60       1
                dataCOMRAM                           4B       4B        9        1       1
                bssCOMRAM                            36       36       15        1       1
                cinit                               CC0      CC0       5A        C       0
                idataCOMRAM                         FFE      FFE        9        C       0

TOTAL           Name                               Link     Load   Length     Space
        CLASS   STACK          

        CLASS   CODE           
                intcodelo                            18       18       44         0
                intcode                               8        8        6         0
                init                                 5C       5C        4         0
                reset_vec                             0        0        4         0
                intcode_body                       1018     1018        6         0
                text36                              F1E      F1E       24         0
                text35                              FF4      FF4        A         0
                text33                              ED0      ED0       28         0
                text32                              C00      C00       64         0
                text31                              C64      C64       5C         0
                text30                              FBE      FBE        E         0
                text29                              6AE      6AE      152         0
                text28                              E44      E44       34         0
                text27                              F60      F60       1E         0
                text26                              F98      F98       18         0
                text25                              F7E      F7E       1A         0
                text24                              E02      E02       42         0
                text23                              D6C      D6C       4C         0
                text22                              D1A      D1A       52         0
                text21                              9BE      9BE       B0         0
                text20                              B86      B86       7A         0
                text19                              FEA      FEA        A         0
                text18                              FE0      FE0        A         0
                text17                              EA6      EA6       2A         0
                text16                              B02      B02       84         0
                text15                               60       60      27C         0
                text14                              A6E      A6E       94         0
                text13                              540      540      16E         0
                text12                              EF8      EF8       26         0
                text11                              2DC      2DC      264         0
                text10                             101E     101E        4         0
                text9                              1010     1010        8         0
                text8                               FD6      FD6        A         0
                text7                               FB0      FB0        E         0
                text6                              1008     1008        8         0
                text5                               FCC      FCC        A         0
                text4                               8F0      8F0       CE         0
                text3                               F42      F42       1E         0
                text2                               800      800       F0         0
                text1                               DB8      DB8       4A         0
                text0                               E78      E78       2E         0
                cinit                               CC0      CC0       5A         0
                idataCOMRAM                         FFE      FFE        9         0

        CLASS   CONST          

        CLASS   SMALLCONST     

        CLASS   MEDIUMCONST    

        CLASS   COMRAM         
                temp                                 54       54        1         1
                cstackCOMRAM                          1        1       35         1
                dataCOMRAM                           4B       4B        9         1
                bssCOMRAM                            36       36       15         1

        CLASS   ABS1           

        CLASS   BIGRAM         
                bssBIGRAM                            C6       C6      220         1

        CLASS   RAM            

        CLASS   BANK0          
                bssBANK0                             60       60       66         1

        CLASS   BANK1          

        CLASS   BANK2          

        CLASS   BANK3          

        CLASS   BANK4          

        CLASS   BANK5          

        CLASS   BANK6          

        CLASS   BANK7          

        CLASS   BANK8          

        CLASS   BANK9          

        CLASS   BANK10         

        CLASS   BANK11         

        CLASS   BANK12         

        CLASS   SFR            

        CLASS   FARRAM         

        CLASS   CONFIG         
                config                           300000   300000        E         0

        CLASS   IDLOC          
                idloc                            200000   200000        8         0

        CLASS   EEDATA         



SEGMENTS        Name                           Load    Length   Top    Selector   Space  Class

                reset_vec                      000000  000004  000004         0       0  CODE    
                cstackCOMRAM                   000001  000054  000055         1       1  COMRAM  
                intcode                        000008  000006  00000E         4       0  CODE    
                intcodelo                      000018  000FEF  001007         C       0  CODE    
                bssBANK0                       000060  000066  0000C6        60       1  BANK0   
                bssBIGRAM                      0000C6  000220  0002E6        C6       1  BIGRAM  
                text6                          001008  00001A  001022       804       0  CODE    
                idloc                          200000  000008  200008    200000       0  IDLOC   
                config                         300000  00000E  30000E    300000       0  CONFIG  


UNUSED ADDRESS RANGES

        Name                Unused          Largest block    Delta
        BANK10           000A00-000AFF              100
        BANK11           000B00-000BFF              100
        BANK12           000C00-000CF3               F4
        BANK2            0002E6-0002FF               1A
        BANK3            000300-0003FF              100
        BANK4            000400-0004FF              100
        BANK5            000500-0005FF              100
        BANK6            000600-0006FF              100
        BANK7            000700-0007FF              100
        BANK8            000800-0008FF              100
        BANK9            000900-0009FF              100
        BIGRAM           000055-00005F                B
                         0002E6-000CF3              A0E
        CODE             000004-000007                4
                         00000E-000017                A
                         001007-001007                1
                         001022-00FD2F             ED0E
        COMRAM           000055-00005F                B
        CONST            000004-000007                4
                         00000E-000017                A
                         001007-001007                1
                         001022-00FD2F             ED0E
        EEDATA           F00000-F003FF              400
        MEDIUMCONST      001007-001007                1
                         001022-00FD2F             ED0E
        RAM              0002E6-000CF3              100
        SFR              000D00-000F9B              100
                         000F9D-000FD3               37
                         000FD5-000FDA                6
                         000FE0-000FE2                3
                         000FE8-000FEA                3
                         000FF0-000FFC                D
        SMALLCONST       001007-001007                1
                         001022-00FD2F              100
        STACK            0002E6-000CF3              A0E

                                  Symbol Table

?_LED_Left                               cstackCOMRAM 000006
?_LED_Right                              cstackCOMRAM 000006
?_MOC_Aktualna_Temperatura               cstackCOMRAM 000006
?_MOC_Frame_Counter                      cstackCOMRAM 000006
?_MOC_NOTWORK                            cstackCOMRAM 000006
?_MOC_Wynikowa_wartosc_roznicowa         cstackCOMRAM 000006
?_TMR1_Update_flag_Get                   cstackCOMRAM 000006
?___awdiv                                cstackCOMRAM 000006
?___lwdiv                                cstackCOMRAM 000006
?___wmul                                 cstackCOMRAM 000006
CAN_GenID@frameID                        cstackCOMRAM 000008
CAN_GenID@message                        cstackCOMRAM 000006
CAN_MoveBuffIntoFrame@Buf                cstackCOMRAM 000008
CAN_MoveBuffIntoFrame@Ram                cstackCOMRAM 000006
CAN_MoveBuffIntoFrame@i                  cstackCOMRAM 00000A
CAN_SendFrame@message                    cstackCOMRAM 00000B
CAN_TakeFrame@k                          cstackCOMRAM 000013
CAN_TakeFrame@message                    cstackCOMRAM 00000E
CAN_TakeFrame@tempCON                    cstackCOMRAM 000012
FRAME_AdressOfNeighbors@i                cstackCOMRAM 00001E
FRAME_AdressOfNeighbors@message          cstackCOMRAM 00000C
FRAME_AdressOfNeighbors@nrRamki          cstackCOMRAM 00000E
FRAME_HandleCanFrame@identyfikator       cstackCOMRAM 000024
FRAME_HandleCanFrame@message             cstackCOMRAM 000020
FRAME_SensorExcitationStatus@message     cstackCOMRAM 000008
ISR_low@ramkaStanuU8                     bssCOMRAM    000048
LED_Control@color                        cstackCOMRAM 00000A
LED_Control@diode                        cstackCOMRAM 000006
LED_Left@a                               cstackCOMRAM 000006
LED_Left@b                               cstackCOMRAM 000008
LED_Light_Pos@LED_array                  cstackCOMRAM 000012
LED_Light_Pos@color                      cstackCOMRAM 000011
LED_Light_Pos@flage                      cstackCOMRAM 000016
LED_Light_Pos@fulfillment                cstackCOMRAM 00000F
LED_Light_Pos@pos                        cstackCOMRAM 00000D
LED_Light_Pos@pos2                       cstackCOMRAM 000014
LED_Right@a                              cstackCOMRAM 000006
LED_Right@b                              cstackCOMRAM 00000A
LED_Update@Green                         dataCOMRAM   000053
LED_Update@pos1                          dataCOMRAM   00004F
LED_Update@pos2                          dataCOMRAM   00004D
LOCK_Set@k                               cstackCOMRAM 000006
MOC_Frame_Counter@zeta                   dataCOMRAM   00004B
TMR1_Timer_reset@t1H                     cstackCOMRAM 000002
TMR1_Timer_reset@t1L                     cstackCOMRAM 000001
TMR1_Update_flag_Set@a                   cstackCOMRAM 000006
TRM_DataTransmition@canMessage           cstackCOMRAM 000025
_B0CON                                   (abs)        000E20
_B1CON                                   (abs)        000E30
_B2CON                                   (abs)        000E40
_B3CON                                   (abs)        000E50
_B4CON                                   (abs)        000E60
_B5CON                                   (abs)        000E70
_BIE0                                    (abs)        000DFA
_BRGCON1bits                             (abs)        000F70
_BRGCON2bits                             (abs)        000F71
_BRGCON3bits                             (abs)        000F72
_BSEL0                                   (abs)        000DF8
_CANCON                                  (abs)        000F6F
_CANSTAT                                 (abs)        000F6E
_CAN_GenID                               text14       000A6E
_CAN_MoveBuffIntoFrame                   text17       000EA6
_CAN_SendFrame                           text13       000540
_CAN_Setup                               text31       000C64
_CAN_SetupClock                          text33       000ED0
_CAN_SetupMask                           text32       000C00
_CAN_TakeFrame                           text15       000060
_CIOCON                                  (abs)        000F73
_COMSTATbits                             (abs)        000F74
_Dane                                    bssCOMRAM    000044
_DaneCan                                 bssCOMRAM    00003B
_DetectorLedRadar                        bssCOMRAM    00003F
_ECANCON                                 (abs)        000F77
_FRAME_AdressOfNeighbors                 text11       0002DC
_FRAME_HandleCanFrame                    text2        000800
_FRAME_SensorExcitationStatus            text4        0008F0
_Flagi                                   bssCOMRAM    000036
_Fulfillment_Lvl                         dataCOMRAM   000051
_INI_All                                 text25       000F7E
_INI_GlobalInterrupt                     text30       000FBE
_INI_LED_Start                           text28       000E44
_INI_OUTPUT                              text27       000F60
_INI_Timer                               text26       000F98
_INTCONbits                              (abs)        000FF2
_IPEN                                    (abs)        007E87
_IPR3                                    (abs)        000FA5
_IRCF0                                   (abs)        007E9C
_IRCF1                                   (abs)        007E9D
_IRCF2                                   (abs)        007E9E
_ISR_high                                intcode      000008
_ISR_low                                 intcodelo    000018
_LATA                                    (abs)        000F89
_LATB                                    (abs)        000F8A
_LATC                                    (abs)        000F8B
_LATD                                    (abs)        000F8C
_LATE                                    (abs)        000F8D
_LED_Control                             text29       0006AE
_LED_Error                               text3        000F42
_LED_Left                                text24       000E02
_LED_Light_Pos                           text21       0009BE
_LED_Right                               text23       000D6C
_LED_Update                              text20       000B86
_LOCK                                    bssCOMRAM    00004A
_LOCK_Get                                text10       00101E
_LOCK_Set                                text9        001010
_MOC_Aktualna_Temperatura                text8        000FD6
_MOC_Frame_Counter                       text7        000FB0
_MOC_NOTWORK                             text6        001008
_MOC_Wynikowa_wartosc_roznicowa          text5        000FCC
_MSEL0                                   (abs)        000DF0
_MSEL1                                   (abs)        000DF1
_MSEL2                                   (abs)        000DF2
_MSEL3                                   (abs)        000DF3
_PEIE                                    (abs)        007F96
_PIE3                                    (abs)        000FA3
_PIR3                                    (abs)        000FA4
_RCON                                    (abs)        000FD0
_RCONbits                                (abs)        000FD0
_RXB0CON                                 (abs)        000F60
_RXB0CONbits                             (abs)        000F60
_RXB0D0                                  (abs)        000F66
_RXB0DLC                                 (abs)        000F65
_RXB0DLCbits                             (abs)        000F65
_RXB0EIDH                                (abs)        000F63
_RXB0EIDL                                (abs)        000F64
_RXB0SIDH                                (abs)        000F61
_RXB0SIDL                                (abs)        000F62
_RXB0SIDLbits                            (abs)        000F62
_RXB1CON                                 (abs)        000F50
_RXF0EIDH                                (abs)        000F02
_RXF0EIDL                                (abs)        000F03
_RXF0SIDH                                (abs)        000F00
_RXF0SIDL                                (abs)        000F01
_RXF0SIDLbits                            (abs)        000F01
_RXF1EIDH                                (abs)        000F06
_RXF1EIDL                                (abs)        000F07
_RXF1SIDH                                (abs)        000F04
_RXF1SIDL                                (abs)        000F05
_RXF1SIDLbits                            (abs)        000F05
_RXF2EIDH                                (abs)        000F0A
_RXF2EIDL                                (abs)        000F0B
_RXF2SIDH                                (abs)        000F08
_RXF2SIDL                                (abs)        000F09
_RXF2SIDLbits                            (abs)        000F09
_RXM0EIDH                                (abs)        000F1A
_RXM0EIDL                                (abs)        000F1B
_RXM0SIDH                                (abs)        000F18
_RXM0SIDL                                (abs)        000F19
_RXM1EIDH                                (abs)        000F1E
_RXM1EIDL                                (abs)        000F1F
_RXM1SIDH                                (abs)        000F1C
_RXM1SIDL                                (abs)        000F1D
_T1CON                                   (abs)        000FCD
_TMR1H                                   (abs)        000FCF
_TMR1IE                                  (abs)        007CE8
_TMR1IF                                  (abs)        007CF0
_TMR1IP                                  (abs)        007CF8
_TMR1L                                   (abs)        000FCE
_TMR1ON                                  (abs)        007E68
_TMR1_Timer_reset                        text36       000F1E
_TMR1_Update_flag                        bssCOMRAM    000042
_TMR1_Update_flag_Get                    text19       000FEA
_TMR1_Update_flag_Set                    text18       000FE0
_TRISA                                   (abs)        000F92
_TRISB                                   (abs)        000F93
_TRISC                                   (abs)        000F94
_TRISD                                   (abs)        000F95
_TRISE                                   (abs)        000F96
_TRM_DataTransmition                     text1        000DB8
_TXB0CON                                 (abs)        000F40
_TXB0CONbits                             (abs)        000F40
_WDTCONbits                              (abs)        000FD1
__CFG_BBSIZ$1024                         (abs)        000000
__CFG_BOREN$BOHW                         (abs)        000000
__CFG_BORV$3                             (abs)        000000
__CFG_CP0$OFF                            (abs)        000000
__CFG_CP1$OFF                            (abs)        000000
__CFG_CP2$OFF                            (abs)        000000
__CFG_CP3$OFF                            (abs)        000000
__CFG_CPB$OFF                            (abs)        000000
__CFG_CPD$OFF                            (abs)        000000
__CFG_EBTR0$OFF                          (abs)        000000
__CFG_EBTR1$OFF                          (abs)        000000
__CFG_EBTR2$OFF                          (abs)        000000
__CFG_EBTR3$OFF                          (abs)        000000
__CFG_EBTRB$OFF                          (abs)        000000
__CFG_FCMEN$OFF                          (abs)        000000
__CFG_IESO$OFF                           (abs)        000000
__CFG_LPT1OSC$OFF                        (abs)        000000
__CFG_LVP$OFF                            (abs)        000000
__CFG_MCLRE$ON                           (abs)        000000
__CFG_OSC$IRCIO67                        (abs)        000000
__CFG_PBADEN$ON                          (abs)        000000
__CFG_PWRT$OFF                           (abs)        000000
__CFG_STVREN$ON                          (abs)        000000
__CFG_WDT$OFF                            (abs)        000000
__CFG_WDTPS$32768                        (abs)        000000
__CFG_WRT0$OFF                           (abs)        000000
__CFG_WRT1$OFF                           (abs)        000000
__CFG_WRT2$OFF                           (abs)        000000
__CFG_WRT3$OFF                           (abs)        000000
__CFG_WRTB$OFF                           (abs)        000000
__CFG_WRTC$OFF                           (abs)        000000
__CFG_WRTD$OFF                           (abs)        000000
__CFG_XINST$OFF                          (abs)        000000
__HRAM                                   (abs)        000000
__Habs1                                  abs1         000000
__Hbank0                                 bank0        000000
__Hbank1                                 bank1        000000
__Hbank10                                bank10       000000
__Hbank11                                bank11       000000
__Hbank12                                bank12       000000
__Hbank2                                 bank2        000000
__Hbank3                                 bank3        000000
__Hbank4                                 bank4        000000
__Hbank5                                 bank5        000000
__Hbank6                                 bank6        000000
__Hbank7                                 bank7        000000
__Hbank8                                 bank8        000000
__Hbank9                                 bank9        000000
__Hbigbss                                bigbss       000000
__Hbigdata                               bigdata      000000
__Hbigram                                bigram       000000
__Hbss                                   bss          000000
__HbssBANK0                              bssBANK0     000000
__HbssBIGRAM                             bssBIGRAM    000000
__HbssCOMRAM                             bssCOMRAM    000000
__Hcinit                                 cinit        000000
__Hclrtext                               clrtext      000000
__Hcomram                                comram       000000
__Hconfig                                config       30000E
__Hconst                                 const        000000
__HcstackCOMRAM                          cstackCOMRAM 000000
__Hdata                                  data         000000
__HdataCOMRAM                            dataCOMRAM   000000
__Heeprom_data                           eeprom_data  000000
__Hfarbss                                farbss       000000
__Hfardata                               fardata      000000
__Hibigdata                              ibigdata     000000
__Hidata                                 idata        000000
__HidataCOMRAM                           idataCOMRAM  000000
__Hidloc                                 idloc        200008
__Hifardata                              ifardata     000000
__Hinit                                  init         000060
__Hintcode                               intcode      00000E
__Hintcode_body                          intcode_body 000000
__Hintcodelo                             intcodelo    00005C
__Hintentry                              intentry     000000
__Hintret                                intret       000000
__Hintsave_regs                          intsave_regs 000000
__Hirdata                                irdata       000000
__Hmediumconst                           mediumconst  000000
__HnvFARRAM                              nvFARRAM     000000
__Hnvbit                                 nvbit        000000
__Hnvrram                                nvrram       000000
__Hparam                                 rparam       000000
__Hpowerup                               powerup      00005C
__Hram                                   ram          000000
__Hramtop                                ramtop       000D00
__Hrbit                                  rbit         000000
__Hrbss                                  rbss         000000
__Hrdata                                 rdata        000000
__Hreset_vec                             reset_vec    000004
__Hrparam                                rparam       000000
__Hsfr                                   sfr          000000
__Hsmallconst                            smallconst   000000
__Hspace_0                               (abs)        30000E
__Hspace_1                               (abs)        0002E6
__Hspace_2                               (abs)        000000
__Hstack                                 stack        000000
__Hstruct                                struct       000000
__Htemp                                  temp         000055
__Htext                                  text         000000
__Htext0                                 text0        000000
__Htext1                                 text1        000000
__Htext10                                text10       000000
__Htext11                                text11       000000
__Htext12                                text12       000000
__Htext13                                text13       000000
__Htext14                                text14       000000
__Htext15                                text15       000000
__Htext16                                text16       000000
__Htext17                                text17       000000
__Htext18                                text18       000000
__Htext19                                text19       000000
__Htext2                                 text2        000000
__Htext20                                text20       000000
__Htext21                                text21       000000
__Htext22                                text22       000000
__Htext23                                text23       000000
__Htext24                                text24       000000
__Htext25                                text25       000000
__Htext26                                text26       000000
__Htext27                                text27       000000
__Htext28                                text28       000000
__Htext29                                text29       000000
__Htext3                                 text3        000000
__Htext30                                text30       000000
__Htext31                                text31       000000
__Htext32                                text32       000000
__Htext33                                text33       000000
__Htext35                                text35       000000
__Htext36                                text36       000000
__Htext4                                 text4        000000
__Htext5                                 text5        000000
__Htext6                                 text6        000000
__Htext7                                 text7        000000
__Htext8                                 text8        000000
__Htext9                                 text9        000000
__LRAM                                   (abs)        000001
__Labs1                                  abs1         000000
__Lbank0                                 bank0        000000
__Lbank1                                 bank1        000000
__Lbank10                                bank10       000000
__Lbank11                                bank11       000000
__Lbank12                                bank12       000000
__Lbank2                                 bank2        000000
__Lbank3                                 bank3        000000
__Lbank4                                 bank4        000000
__Lbank5                                 bank5        000000
__Lbank6                                 bank6        000000
__Lbank7                                 bank7        000000
__Lbank8                                 bank8        000000
__Lbank9                                 bank9        000000
__Lbigbss                                bigbss       000000
__Lbigdata                               bigdata      000000
__Lbigram                                bigram       000000
__Lbss                                   bss          000000
__LbssBANK0                              bssBANK0     000000
__LbssBIGRAM                             bssBIGRAM    000000
__LbssCOMRAM                             bssCOMRAM    000000
__Lcinit                                 cinit        000000
__Lclrtext                               clrtext      000000
__Lcomram                                comram       000000
__Lconfig                                config       300000
__Lconst                                 const        000000
__LcstackCOMRAM                          cstackCOMRAM 000000
__Ldata                                  data         000000
__LdataCOMRAM                            dataCOMRAM   000000
__Leeprom_data                           eeprom_data  000000
__Lfarbss                                farbss       000000
__Lfardata                               fardata      000000
__Libigdata                              ibigdata     000000
__Lidata                                 idata        000000
__LidataCOMRAM                           idataCOMRAM  000000
__Lidloc                                 idloc        200000
__Lifardata                              ifardata     000000
__Linit                                  init         00005C
__Lintcode                               intcode      000008
__Lintcode_body                          intcode_body 000000
__Lintcodelo                             intcodelo    000018
__Lintentry                              intentry     000000
__Lintret                                intret       000000
__Lintsave_regs                          intsave_regs 000000
__Lirdata                                irdata       000000
__Lmediumconst                           mediumconst  000000
__LnvFARRAM                              nvFARRAM     000000
__Lnvbit                                 nvbit        000000
__Lnvrram                                nvrram       000000
__Lparam                                 rparam       000000
__Lpowerup                               powerup      00005C
__Lram                                   ram          000000
__Lramtop                                ramtop       000D00
__Lrbit                                  rbit         000000
__Lrbss                                  rbss         000000
__Lrdata                                 rdata        000000
__Lreset_vec                             reset_vec    000000
__Lrparam                                rparam       000000
__Lsfr                                   sfr          000000
__Lsmallconst                            smallconst   000000
__Lspace_0                               (abs)        000000
__Lspace_1                               (abs)        000000
__Lspace_2                               (abs)        000000
__Lstack                                 stack        000000
__Lstruct                                struct       000000
__Ltemp                                  temp         000054
__Ltext                                  text         000000
__Ltext0                                 text0        000000
__Ltext1                                 text1        000000
__Ltext10                                text10       000000
__Ltext11                                text11       000000
__Ltext12                                text12       000000
__Ltext13                                text13       000000
__Ltext14                                text14       000000
__Ltext15                                text15       000000
__Ltext16                                text16       000000
__Ltext17                                text17       000000
__Ltext18                                text18       000000
__Ltext19                                text19       000000
__Ltext2                                 text2        000000
__Ltext20                                text20       000000
__Ltext21                                text21       000000
__Ltext22                                text22       000000
__Ltext23                                text23       000000
__Ltext24                                text24       000000
__Ltext25                                text25       000000
__Ltext26                                text26       000000
__Ltext27                                text27       000000
__Ltext28                                text28       000000
__Ltext29                                text29       000000
__Ltext3                                 text3        000000
__Ltext30                                text30       000000
__Ltext31                                text31       000000
__Ltext32                                text32       000000
__Ltext33                                text33       000000
__Ltext35                                text35       000000
__Ltext36                                text36       000000
__Ltext4                                 text4        000000
__Ltext5                                 text5        000000
__Ltext6                                 text6        000000
__Ltext7                                 text7        000000
__Ltext8                                 text8        000000
__Ltext9                                 text9        000000
__S0                                     (abs)        30000E
__S1                                     (abs)        0002E6
__S2                                     (abs)        000000
___awdiv                                 text16       000B02
___awdiv@counter                         cstackCOMRAM 00000A
___awdiv@dividend                        cstackCOMRAM 000006
___awdiv@divisor                         cstackCOMRAM 000008
___awdiv@quotient                        cstackCOMRAM 00000C
___awdiv@sign                            cstackCOMRAM 00000B
___inthi_sp                              stack        000000
___intlo_sp                              stack        000000
___lwdiv                                 text22       000D1A
___lwdiv@counter                         cstackCOMRAM 00000C
___lwdiv@dividend                        cstackCOMRAM 000006
___lwdiv@divisor                         cstackCOMRAM 000008
___lwdiv@quotient                        cstackCOMRAM 00000A
___param_bank                            (abs)        000000
___rparam_used                           (abs)        000001
___sp                                    stack        000000
___wmul                                  text12       000EF8
___wmul@multiplicand                     cstackCOMRAM 000008
___wmul@multiplier                       cstackCOMRAM 000006
___wmul@product                          cstackCOMRAM 00000A
__accesstop                              (abs)        000060
__activetblptr                           (abs)        000002
__end_of_CAN_GenID                       text14       000B02
__end_of_CAN_MoveBuffIntoFrame           text17       000ED0
__end_of_CAN_SendFrame                   text13       0006AE
__end_of_CAN_Setup                       text31       000CC0
__end_of_CAN_SetupClock                  text33       000EF8
__end_of_CAN_SetupMask                   text32       000C64
__end_of_CAN_TakeFrame                   text15       0002DC
__end_of_FRAME_AdressOfNeighbors         text11       000540
__end_of_FRAME_HandleCanFrame            text2        0008F0
__end_of_FRAME_SensorExcitationStatus    text4        0009BE
__end_of_INI_All                         text25       000F98
__end_of_INI_GlobalInterrupt             text30       000FCC
__end_of_INI_LED_Start                   text28       000E78
__end_of_INI_OUTPUT                      text27       000F7E
__end_of_INI_Timer                       text26       000FB0
__end_of_ISR_high                        intcode_body 00101E
__end_of_ISR_low                         intcodelo    00005C
__end_of_LED_Control                     text29       000800
__end_of_LED_Error                       text3        000F60
__end_of_LED_Left                        text24       000E44
__end_of_LED_Light_Pos                   text21       000A6E
__end_of_LED_Right                       text23       000DB8
__end_of_LED_Update                      text20       000C00
__end_of_LOCK_Get                        text10       001022
__end_of_LOCK_Set                        text9        001018
__end_of_MOC_Aktualna_Temperatura        text8        000FE0
__end_of_MOC_Frame_Counter               text7        000FBE
__end_of_MOC_NOTWORK                     text6        001010
__end_of_MOC_Wynikowa_wartosc_roznicowa  text5        000FD6
__end_of_TMR1_Timer_reset                text36       000F42
__end_of_TMR1_Update_flag_Get            text19       000FF4
__end_of_TMR1_Update_flag_Set            text18       000FEA
__end_of_TRM_DataTransmition             text1        000E02
__end_of___awdiv                         text16       000B86
__end_of___lwdiv                         text22       000D6C
__end_of___wmul                          text12       000F1E
__end_of__initialization                 cinit        000D0C
__end_of_main                            text0        000EA6
__end_ofi1_TMR1_Update_flag_Set          text35       000FFE
__initialization                         cinit        000CC0
__mediumconst                            mediumconst  000000
__pbssBANK0                              bssBANK0     000060
__pbssBIGRAM                             bssBIGRAM    0000C6
__pbssCOMRAM                             bssCOMRAM    000036
__pcinit                                 cinit        000CC0
__pcstackCOMRAM                          cstackCOMRAM 000001
__pdataCOMRAM                            dataCOMRAM   00004B
__pidataCOMRAM                           idataCOMRAM  000FFE
__pintcode                               intcode      000008
__pintcode_body                          intcode_body 001018
__pintcodelo                             intcodelo    000018
__ptext0                                 text0        000E78
__ptext1                                 text1        000DB8
__ptext10                                text10       00101E
__ptext11                                text11       0002DC
__ptext12                                text12       000EF8
__ptext13                                text13       000540
__ptext14                                text14       000A6E
__ptext15                                text15       000060
__ptext16                                text16       000B02
__ptext17                                text17       000EA6
__ptext18                                text18       000FE0
__ptext19                                text19       000FEA
__ptext2                                 text2        000800
__ptext20                                text20       000B86
__ptext21                                text21       0009BE
__ptext22                                text22       000D1A
__ptext23                                text23       000D6C
__ptext24                                text24       000E02
__ptext25                                text25       000F7E
__ptext26                                text26       000F98
__ptext27                                text27       000F60
__ptext28                                text28       000E44
__ptext29                                text29       0006AE
__ptext3                                 text3        000F42
__ptext30                                text30       000FBE
__ptext31                                text31       000C64
__ptext32                                text32       000C00
__ptext33                                text33       000ED0
__ptext35                                text35       000FF4
__ptext36                                text36       000F1E
__ptext4                                 text4        0008F0
__ptext5                                 text5        000FCC
__ptext6                                 text6        001008
__ptext7                                 text7        000FB0
__ptext8                                 text8        000FD6
__ptext9                                 text9        001010
__ramtop                                 ramtop       000D00
__size_of_CAN_GenID                      (abs)        000000
__size_of_CAN_MoveBuffIntoFrame          (abs)        000000
__size_of_CAN_SendFrame                  (abs)        000000
__size_of_CAN_Setup                      (abs)        000000
__size_of_CAN_SetupClock                 (abs)        000000
__size_of_CAN_SetupMask                  (abs)        000000
__size_of_CAN_TakeFrame                  (abs)        000000
__size_of_FRAME_AdressOfNeighbors        (abs)        000000
__size_of_FRAME_HandleCanFrame           (abs)        000000
__size_of_FRAME_SensorExcitationStatus   (abs)        000000
__size_of_INI_All                        (abs)        000000
__size_of_INI_GlobalInterrupt            (abs)        000000
__size_of_INI_LED_Start                  (abs)        000000
__size_of_INI_OUTPUT                     (abs)        000000
__size_of_INI_Timer                      (abs)        000000
__size_of_ISR_high                       (abs)        000000
__size_of_ISR_low                        (abs)        000000
__size_of_LED_Control                    (abs)        000000
__size_of_LED_Error                      (abs)        000000
__size_of_LED_Left                       (abs)        000000
__size_of_LED_Light_Pos                  (abs)        000000
__size_of_LED_Right                      (abs)        000000
__size_of_LED_Update                     (abs)        000000
__size_of_LOCK_Get                       (abs)        000000
__size_of_LOCK_Set                       (abs)        000000
__size_of_MOC_Aktualna_Temperatura       (abs)        000000
__size_of_MOC_Frame_Counter              (abs)        000000
__size_of_MOC_NOTWORK                    (abs)        000000
__size_of_MOC_Wynikowa_wartosc_roznicowa (abs)        000000
__size_of_TMR1_Timer_reset               (abs)        000000
__size_of_TMR1_Update_flag_Get           (abs)        000000
__size_of_TMR1_Update_flag_Set           (abs)        000000
__size_of_TRM_DataTransmition            (abs)        000000
__size_of___awdiv                        (abs)        000000
__size_of___lwdiv                        (abs)        000000
__size_of___wmul                         (abs)        000000
__size_of_main                           (abs)        000000
__size_ofi1_TMR1_Update_flag_Set         (abs)        000000
__smallconst                             smallconst   000000
_main                                    text0        000E78
_ramkaCanRxKarty                         bssBANK0     000060
_ramkaCanTxKarty                         bssBANK0     0000B5
_wartosciSasiada                         bssBIGRAM    0000C6
btemp                                    temp         000054
end_of_initialization                    cinit        000D0C
i1TMR1_Update_flag_Set@a                 cstackCOMRAM 000001
i1_TMR1_Update_flag_Set                  text35       000FF4
int$flags                                temp         000054
int_func                                 intcode_body 001018
intlevel0                                text         000000
intlevel1                                text         000000
intlevel2                                text         000000
intlevel3                                text         000000
stackhi                                  (abs)        000CF3
stacklo                                  (abs)        0002E6
start                                    init         00005C
start_initialization                     cinit        000CC0
ttemp5                                   temp         000055
ttemp6                                   temp         000058
ttemp7                                   temp         00005C
wtemp8                                   temp         000055


FUNCTION INFORMATION:

 *************** function _main *****************
 Defined at:
		line 94 in file "main.c"
 Parameters:    Size  Location     Type
		None
 Auto vars:     Size  Location     Type
		None
 Return value:  Size  Location     Type
                  1    wreg      void 
 Registers used:
		wreg, fsr1l, fsr1h, fsr2l, fsr2h, status,2, status,0, prodl, prodh, cstack
 Tracked objects:
		On entry : 
		On exit  : 
		Unchanged: 
 Data sizes:     COMRAM   BANK0   BANK1   BANK2   BANK3   BANK4   BANK5   BANK6   BANK7   BANK8   BANK9  BANK10  BANK11  BANK12
      Params:         0       0       0       0       0       0       0       0       0       0       0       0       0       0
      Locals:         0       0       0       0       0       0       0       0       0       0       0       0       0       0
      Temps:          0       0       0       0       0       0       0       0       0       0       0       0       0       0
      Totals:         0       0       0       0       0       0       0       0       0       0       0       0       0       0
Total ram usage:        0 bytes
 Hardware stack levels required when called:    7
 This function calls:
		_INI_All
		_LED_Update
		_TMR1_Update_flag_Get
		_TMR1_Update_flag_Set
		_TRM_DataTransmition
 This function is called by:
		Startup code after reset
 This function uses a non-reentrant model


 *************** function _TRM_DataTransmition *****************
 Defined at:
		line 19 in file "TRM.c"
 Parameters:    Size  Location     Type
		None
 Auto vars:     Size  Location     Type
  canMessage     17   36[COMRAM] struct .
  i               1    0        unsigned char 
 Return value:  Size  Location     Type
                  1    wreg      void 
 Registers used:
		wreg, fsr1l, fsr1h, fsr2l, fsr2h, status,2, status,0, prodl, prodh, cstack
 Tracked objects:
		On entry : 
		On exit  : 
		Unchanged: 
 Data sizes:     COMRAM   BANK0   BANK1   BANK2   BANK3   BANK4   BANK5   BANK6   BANK7   BANK8   BANK9  BANK10  BANK11  BANK12
      Params:         0       0       0       0       0       0       0       0       0       0       0       0       0       0
      Locals:        17       0       0       0       0       0       0       0       0       0       0       0       0       0
      Temps:          0       0       0       0       0       0       0       0       0       0       0       0       0       0
      Totals:        17       0       0       0       0       0       0       0       0       0       0       0       0       0
Total ram usage:       17 bytes
 Hardware stack levels used:    1
 Hardware stack levels required when called:    6
 This function calls:
		_CAN_TakeFrame
		_FRAME_HandleCanFrame
 This function is called by:
		_main
 This function uses a non-reentrant model


 *************** function _FRAME_HandleCanFrame *****************
 Defined at:
		line 486 in file "FRAME.c"
 Parameters:    Size  Location     Type
  message         2   31[COMRAM] PTR struct .
		 -> TRM_DataTransmition@canMessage(17), 
 Auto vars:     Size  Location     Type
  identyfikato    1   35[COMRAM] unsigned char 
 Return value:  Size  Location     Type
                  1    wreg      void 
 Registers used:
		wreg, fsr1l, fsr1h, fsr2l, fsr2h, status,2, status,0, prodl, prodh, cstack
 Tracked objects:
		On entry : 
		On exit  : 
		Unchanged: 
 Data sizes:     COMRAM   BANK0   BANK1   BANK2   BANK3   BANK4   BANK5   BANK6   BANK7   BANK8   BANK9  BANK10  BANK11  BANK12
      Params:         2       0       0       0       0       0       0       0       0       0       0       0       0       0
      Locals:         1       0       0       0       0       0       0       0       0       0       0       0       0       0
      Temps:          2       0       0       0       0       0       0       0       0       0       0       0       0       0
      Totals:         5       0       0       0       0       0       0       0       0       0       0       0       0       0
Total ram usage:        5 bytes
 Hardware stack levels used:    1
 Hardware stack levels required when called:    5
 This function calls:
		_CAN_GenID
		_CAN_SendFrame
		_FRAME_AdressOfNeighbors
		_FRAME_SensorExcitationStatus
		_LED_Error
		___awdiv
 This function is called by:
		_TRM_DataTransmition
 This function uses a non-reentrant model


 *************** function _LED_Error *****************
 Defined at:
		line 37 in file "LED.c"
 Parameters:    Size  Location     Type
		None
 Auto vars:     Size  Location     Type
		None
 Return value:  Size  Location     Type
                  2  255[None  ] unsigned int 
 Registers used:
		wreg, status,2, status,0, cstack
 Tracked objects:
		On entry : 
		On exit  : 
		Unchanged: 
 Data sizes:     COMRAM   BANK0   BANK1   BANK2   BANK3   BANK4   BANK5   BANK6   BANK7   BANK8   BANK9  BANK10  BANK11  BANK12
      Params:         0       0       0       0       0       0       0       0       0       0       0       0       0       0
      Locals:         0       0       0       0       0       0       0       0       0       0       0       0       0       0
      Temps:          0       0       0       0       0       0       0       0       0       0       0       0       0       0
      Totals:         0       0       0       0       0       0       0       0       0       0       0       0       0       0
Total ram usage:        0 bytes
 Hardware stack levels used:    1
 Hardware stack levels required when called:    4
 This function calls:
		_LED_Control
 This function is called by:
		_FRAME_HandleCanFrame
 This function uses a non-reentrant model


 *************** function _FRAME_SensorExcitationStatus *****************
 Defined at:
		line 33 in file "FRAME.c"
 Parameters:    Size  Location     Type
  message         2    7[COMRAM] PTR struct .
		 -> TRM_DataTransmition@canMessage(17), 
 Auto vars:     Size  Location     Type
		None
 Return value:  Size  Location     Type
                  1    wreg      void 
 Registers used:
		wreg, fsr2l, fsr2h, status,2, status,0, cstack
 Tracked objects:
		On entry : 
		On exit  : 
		Unchanged: 
 Data sizes:     COMRAM   BANK0   BANK1   BANK2   BANK3   BANK4   BANK5   BANK6   BANK7   BANK8   BANK9  BANK10  BANK11  BANK12
      Params:         2       0       0       0       0       0       0       0       0       0       0       0       0       0
      Locals:         0       0       0       0       0       0       0       0       0       0       0       0       0       0
      Temps:          2       0       0       0       0       0       0       0       0       0       0       0       0       0
      Totals:         4       0       0       0       0       0       0       0       0       0       0       0       0       0
Total ram usage:        4 bytes
 Hardware stack levels used:    1
 Hardware stack levels required when called:    4
 This function calls:
		_LOCK_Get
		_LOCK_Set
		_MOC_Aktualna_Temperatura
		_MOC_Frame_Counter
		_MOC_NOTWORK
		_MOC_Wynikowa_wartosc_roznicowa
 This function is called by:
		_FRAME_HandleCanFrame
 This function uses a non-reentrant model


 *************** function _MOC_Wynikowa_wartosc_roznicowa *****************
 Defined at:
		line 33 in file "MOC_Funct.c"
 Parameters:    Size  Location     Type
		None
 Auto vars:     Size  Location     Type
		None
 Return value:  Size  Location     Type
                  2    5[COMRAM] unsigned int 
 Registers used:
		wreg, status,2
 Tracked objects:
		On entry : 
		On exit  : 
		Unchanged: 
 Data sizes:     COMRAM   BANK0   BANK1   BANK2   BANK3   BANK4   BANK5   BANK6   BANK7   BANK8   BANK9  BANK10  BANK11  BANK12
      Params:         2       0       0       0       0       0       0       0       0       0       0       0       0       0
      Locals:         0       0       0       0       0       0       0       0       0       0       0       0       0       0
      Temps:          0       0       0       0       0       0       0       0       0       0       0       0       0       0
      Totals:         2       0       0       0       0       0       0       0       0       0       0       0       0       0
Total ram usage:        2 bytes
 Hardware stack levels used:    1
 Hardware stack levels required when called:    3
 This function calls:
		Nothing
 This function is called by:
		_FRAME_SensorExcitationStatus
 This function uses a non-reentrant model


 *************** function _MOC_NOTWORK *****************
 Defined at:
		line 47 in file "MOC_Funct.c"
 Parameters:    Size  Location     Type
		None
 Auto vars:     Size  Location     Type
		None
 Return value:  Size  Location     Type
                  2    5[COMRAM] unsigned int 
 Registers used:
		wreg, status,2
 Tracked objects:
		On entry : 
		On exit  : 
		Unchanged: 
 Data sizes:     COMRAM   BANK0   BANK1   BANK2   BANK3   BANK4   BANK5   BANK6   BANK7   BANK8   BANK9  BANK10  BANK11  BANK12
      Params:         2       0       0       0       0       0       0       0       0       0       0       0       0       0
      Locals:         0       0       0       0       0       0       0       0       0       0       0       0       0       0
      Temps:          0       0       0       0       0       0       0       0       0       0       0       0       0       0
      Totals:         2       0       0       0       0       0       0       0       0       0       0       0       0       0
Total ram usage:        2 bytes
 Hardware stack levels used:    1
 Hardware stack levels required when called:    3
 This function calls:
		Nothing
 This function is called by:
		_FRAME_SensorExcitationStatus
 This function uses a non-reentrant model


 *************** function _MOC_Frame_Counter *****************
 Defined at:
		line 38 in file "MOC_Funct.c"
 Parameters:    Size  Location     Type
		None
 Auto vars:     Size  Location     Type
		None
 Return value:  Size  Location     Type
                  2    5[COMRAM] unsigned int 
 Registers used:
		wreg, status,2, status,0
 Tracked objects:
		On entry : 
		On exit  : 
		Unchanged: 
 Data sizes:     COMRAM   BANK0   BANK1   BANK2   BANK3   BANK4   BANK5   BANK6   BANK7   BANK8   BANK9  BANK10  BANK11  BANK12
      Params:         2       0       0       0       0       0       0       0       0       0       0       0       0       0
      Locals:         0       0       0       0       0       0       0       0       0       0       0       0       0       0
      Temps:          0       0       0       0       0       0       0       0       0       0       0       0       0       0
      Totals:         2       0       0       0       0       0       0       0       0       0       0       0       0       0
Total ram usage:        2 bytes
 Hardware stack levels used:    1
 Hardware stack levels required when called:    3
 This function calls:
		Nothing
 This function is called by:
		_FRAME_SensorExcitationStatus
 This function uses a non-reentrant model


 *************** function _MOC_Aktualna_Temperatura *****************
 Defined at:
		line 43 in file "MOC_Funct.c"
 Parameters:    Size  Location     Type
		None
 Auto vars:     Size  Location     Type
		None
 Return value:  Size  Location     Type
                  2    5[COMRAM] unsigned int 
 Registers used:
		wreg, status,2
 Tracked objects:
		On entry : 
		On exit  : 
		Unchanged: 
 Data sizes:     COMRAM   BANK0   BANK1   BANK2   BANK3   BANK4   BANK5   BANK6   BANK7   BANK8   BANK9  BANK10  BANK11  BANK12
      Params:         2       0       0       0       0       0       0       0       0       0       0       0       0       0
      Locals:         0       0       0       0       0       0       0       0       0       0       0       0       0       0
      Temps:          0       0       0       0       0       0       0       0       0       0       0       0       0       0
      Totals:         2       0       0       0       0       0       0       0       0       0       0       0       0       0
Total ram usage:        2 bytes
 Hardware stack levels used:    1
 Hardware stack levels required when called:    3
 This function calls:
		Nothing
 This function is called by:
		_FRAME_SensorExcitationStatus
 This function uses a non-reentrant model


 *************** function _LOCK_Set *****************
 Defined at:
		line 52 in file "LED.c"
 Parameters:    Size  Location     Type
  k               1    wreg     unsigned char 
 Auto vars:     Size  Location     Type
  k               1    5[COMRAM] unsigned char 
 Return value:  Size  Location     Type
                  1    wreg      void 
 Registers used:
		wreg
 Tracked objects:
		On entry : 
		On exit  : 
		Unchanged: 
 Data sizes:     COMRAM   BANK0   BANK1   BANK2   BANK3   BANK4   BANK5   BANK6   BANK7   BANK8   BANK9  BANK10  BANK11  BANK12
      Params:         0       0       0       0       0       0       0       0       0       0       0       0       0       0
      Locals:         1       0       0       0       0       0       0       0       0       0       0       0       0       0
      Temps:          0       0       0       0       0       0       0       0       0       0       0       0       0       0
      Totals:         1       0       0       0       0       0       0       0       0       0       0       0       0       0
Total ram usage:        1 bytes
 Hardware stack levels used:    1
 Hardware stack levels required when called:    3
 This function calls:
		Nothing
 This function is called by:
		_FRAME_SensorExcitationStatus
 This function uses a non-reentrant model


 *************** function _LOCK_Get *****************
 Defined at:
		line 57 in file "LED.c"
 Parameters:    Size  Location     Type
		None
 Auto vars:     Size  Location     Type
		None
 Return value:  Size  Location     Type
                  1    wreg      unsigned char 
 Registers used:
		wreg, status,2
 Tracked objects:
		On entry : 
		On exit  : 
		Unchanged: 
 Data sizes:     COMRAM   BANK0   BANK1   BANK2   BANK3   BANK4   BANK5   BANK6   BANK7   BANK8   BANK9  BANK10  BANK11  BANK12
      Params:         0       0       0       0       0       0       0       0       0       0       0       0       0       0
      Locals:         0       0       0       0       0       0       0       0       0       0       0       0       0       0
      Temps:          0       0       0       0       0       0       0       0       0       0       0       0       0       0
      Totals:         0       0       0       0       0       0       0       0       0       0       0       0       0       0
Total ram usage:        0 bytes
 Hardware stack levels used:    1
 Hardware stack levels required when called:    3
 This function calls:
		Nothing
 This function is called by:
		_FRAME_SensorExcitationStatus
 This function uses a non-reentrant model


 *************** function _FRAME_AdressOfNeighbors *****************
 Defined at:
		line 450 in file "FRAME.c"
 Parameters:    Size  Location     Type
  message         2   11[COMRAM] PTR struct .
		 -> TRM_DataTransmition@canMessage(17), 
  nrRamki         2   13[COMRAM] unsigned short 
 Auto vars:     Size  Location     Type
  i               2   29[COMRAM] unsigned short 
 Return value:  Size  Location     Type
                  1    wreg      void 
 Registers used:
		wreg, fsr1l, fsr1h, fsr2l, fsr2h, status,2, status,0, prodl, prodh, cstack
 Tracked objects:
		On entry : 
		On exit  : 
		Unchanged: 
 Data sizes:     COMRAM   BANK0   BANK1   BANK2   BANK3   BANK4   BANK5   BANK6   BANK7   BANK8   BANK9  BANK10  BANK11  BANK12
      Params:         4       0       0       0       0       0       0       0       0       0       0       0       0       0
      Locals:         2       0       0       0       0       0       0       0       0       0       0       0       0       0
      Temps:         14       0       0       0       0       0       0       0       0       0       0       0       0       0
      Totals:        20       0       0       0       0       0       0       0       0       0       0       0       0       0
Total ram usage:       20 bytes
 Hardware stack levels used:    1
 Hardware stack levels required when called:    4
 This function calls:
		___wmul
 This function is called by:
		_FRAME_HandleCanFrame
 This function uses a non-reentrant model


 *************** function ___wmul *****************
 Defined at:
		line 15 in file "C:\Program Files (x86)\Microchip\xc8\v2.05\pic\sources\c99\common\Umul16.c"
 Parameters:    Size  Location     Type
  multiplier      2    5[COMRAM] unsigned int 
  multiplicand    2    7[COMRAM] unsigned int 
 Auto vars:     Size  Location     Type
  product         2    9[COMRAM] unsigned int 
 Return value:  Size  Location     Type
                  2    5[COMRAM] unsigned int 
 Registers used:
		wreg, status,2, status,0, prodl, prodh
 Tracked objects:
		On entry : 
		On exit  : 
		Unchanged: 
 Data sizes:     COMRAM   BANK0   BANK1   BANK2   BANK3   BANK4   BANK5   BANK6   BANK7   BANK8   BANK9  BANK10  BANK11  BANK12
      Params:         4       0       0       0       0       0       0       0       0       0       0       0       0       0
      Locals:         2       0       0       0       0       0       0       0       0       0       0       0       0       0
      Temps:          0       0       0       0       0       0       0       0       0       0       0       0       0       0
      Totals:         6       0       0       0       0       0       0       0       0       0       0       0       0       0
Total ram usage:        6 bytes
 Hardware stack levels used:    1
 Hardware stack levels required when called:    3
 This function calls:
		Nothing
 This function is called by:
		_FRAME_AdressOfNeighbors
		_IsInNeighbors
 This function uses a non-reentrant model


 *************** function _CAN_SendFrame *****************
 Defined at:
		line 183 in file "CAN.c"
 Parameters:    Size  Location     Type
  message         2   10[COMRAM] PTR struct .
		 -> TRM_DataTransmition@canMessage(17), 
 Auto vars:     Size  Location     Type
		None
 Return value:  Size  Location     Type
                  1    wreg      void 
 Registers used:
		wreg, fsr1l, fsr1h, fsr2l, fsr2h, status,2, status,0, prodl, prodh, cstack
 Tracked objects:
		On entry : 
		On exit  : 
		Unchanged: 
 Data sizes:     COMRAM   BANK0   BANK1   BANK2   BANK3   BANK4   BANK5   BANK6   BANK7   BANK8   BANK9  BANK10  BANK11  BANK12
      Params:         2       0       0       0       0       0       0       0       0       0       0       0       0       0
      Locals:         0       0       0       0       0       0       0       0       0       0       0       0       0       0
      Temps:          3       0       0       0       0       0       0       0       0       0       0       0       0       0
      Totals:         5       0       0       0       0       0       0       0       0       0       0       0       0       0
Total ram usage:        5 bytes
 Hardware stack levels used:    1
 Hardware stack levels required when called:    4
 This function calls:
		_CAN_MoveBuffIntoFrame
 This function is called by:
		_FRAME_HandleCanFrame
 This function uses a non-reentrant model


 *************** function _CAN_GenID *****************
 Defined at:
		line 382 in file "CAN.c"
 Parameters:    Size  Location     Type
  message         2    5[COMRAM] PTR struct .
		 -> TRM_DataTransmition@canMessage(17), 
  frameID         1    7[COMRAM] unsigned char 
 Auto vars:     Size  Location     Type
		None
 Return value:  Size  Location     Type
                  1    wreg      void 
 Registers used:
		wreg, fsr2l, fsr2h, status,2, status,0
 Tracked objects:
		On entry : 
		On exit  : 
		Unchanged: 
 Data sizes:     COMRAM   BANK0   BANK1   BANK2   BANK3   BANK4   BANK5   BANK6   BANK7   BANK8   BANK9  BANK10  BANK11  BANK12
      Params:         3       0       0       0       0       0       0       0       0       0       0       0       0       0
      Locals:         0       0       0       0       0       0       0       0       0       0       0       0       0       0
      Temps:          4       0       0       0       0       0       0       0       0       0       0       0       0       0
      Totals:         7       0       0       0       0       0       0       0       0       0       0       0       0       0
Total ram usage:        7 bytes
 Hardware stack levels used:    1
 Hardware stack levels required when called:    3
 This function calls:
		Nothing
 This function is called by:
		_FRAME_HandleCanFrame
 This function uses a non-reentrant model


 *************** function _CAN_TakeFrame *****************
 Defined at:
		line 247 in file "CAN.c"
 Parameters:    Size  Location     Type
  message         2   13[COMRAM] PTR struct .
		 -> TRM_DataTransmition@canMessage(17), 
 Auto vars:     Size  Location     Type
  k               1   18[COMRAM] unsigned char 
  tempCON         1   17[COMRAM] unsigned char 
 Return value:  Size  Location     Type
                  1    wreg      enum E10433
 Registers used:
		wreg, fsr1l, fsr1h, fsr2l, fsr2h, status,2, status,0, cstack
 Tracked objects:
		On entry : 
		On exit  : 
		Unchanged: 
 Data sizes:     COMRAM   BANK0   BANK1   BANK2   BANK3   BANK4   BANK5   BANK6   BANK7   BANK8   BANK9  BANK10  BANK11  BANK12
      Params:         2       0       0       0       0       0       0       0       0       0       0       0       0       0
      Locals:         2       0       0       0       0       0       0       0       0       0       0       0       0       0
      Temps:          2       0       0       0       0       0       0       0       0       0       0       0       0       0
      Totals:         6       0       0       0       0       0       0       0       0       0       0       0       0       0
Total ram usage:        6 bytes
 Hardware stack levels used:    1
 Hardware stack levels required when called:    4
 This function calls:
		_CAN_MoveBuffIntoFrame
		___awdiv
 This function is called by:
		_TRM_DataTransmition
 This function uses a non-reentrant model


 *************** function ___awdiv *****************
 Defined at:
		line 7 in file "C:\Program Files (x86)\Microchip\xc8\v2.05\pic\sources\c99\common\awdiv.c"
 Parameters:    Size  Location     Type
  dividend        2    5[COMRAM] int 
  divisor         2    7[COMRAM] int 
 Auto vars:     Size  Location     Type
  quotient        2   11[COMRAM] int 
  sign            1   10[COMRAM] unsigned char 
  counter         1    9[COMRAM] unsigned char 
 Return value:  Size  Location     Type
                  2    5[COMRAM] int 
 Registers used:
		wreg, status,2, status,0
 Tracked objects:
		On entry : 
		On exit  : 
		Unchanged: 
 Data sizes:     COMRAM   BANK0   BANK1   BANK2   BANK3   BANK4   BANK5   BANK6   BANK7   BANK8   BANK9  BANK10  BANK11  BANK12
      Params:         4       0       0       0       0       0       0       0       0       0       0       0       0       0
      Locals:         4       0       0       0       0       0       0       0       0       0       0       0       0       0
      Temps:          0       0       0       0       0       0       0       0       0       0       0       0       0       0
      Totals:         8       0       0       0       0       0       0       0       0       0       0       0       0       0
Total ram usage:        8 bytes
 Hardware stack levels used:    1
 Hardware stack levels required when called:    3
 This function calls:
		Nothing
 This function is called by:
		_CAN_TakeFrame
		_FRAME_HandleCanFrame
 This function uses a non-reentrant model


 *************** function _CAN_MoveBuffIntoFrame *****************
 Defined at:
		line 169 in file "CAN.c"
 Parameters:    Size  Location     Type
  Ram             2    5[COMRAM] PTR unsigned char 
		 -> TRM_DataTransmition@canMessage(17), RXB0D0(1), 
  Buf             2    7[COMRAM] PTR unsigned char 
		 -> TRM_DataTransmition@canMessage(17), RXB0D0(1), 
 Auto vars:     Size  Location     Type
  i               1    9[COMRAM] unsigned char 
 Return value:  Size  Location     Type
                  1    wreg      void 
 Registers used:
		wreg, fsr1l, fsr1h, fsr2l, fsr2h, status,2, status,0
 Tracked objects:
		On entry : 
		On exit  : 
		Unchanged: 
 Data sizes:     COMRAM   BANK0   BANK1   BANK2   BANK3   BANK4   BANK5   BANK6   BANK7   BANK8   BANK9  BANK10  BANK11  BANK12
      Params:         4       0       0       0       0       0       0       0       0       0       0       0       0       0
      Locals:         1       0       0       0       0       0       0       0       0       0       0       0       0       0
      Temps:          0       0       0       0       0       0       0       0       0       0       0       0       0       0
      Totals:         5       0       0       0       0       0       0       0       0       0       0       0       0       0
Total ram usage:        5 bytes
 Hardware stack levels used:    1
 Hardware stack levels required when called:    3
 This function calls:
		Nothing
 This function is called by:
		_CAN_SendFrame
		_CAN_TakeFrame
 This function uses a non-reentrant model


 *************** function _TMR1_Update_flag_Set *****************
 Defined at:
		line 32 in file "TMR1.c"
 Parameters:    Size  Location     Type
  a               2    5[COMRAM] unsigned int 
 Auto vars:     Size  Location     Type
		None
 Return value:  Size  Location     Type
                  1    wreg      void 
 Registers used:
		None
 Tracked objects:
		On entry : 
		On exit  : 
		Unchanged: 
 Data sizes:     COMRAM   BANK0   BANK1   BANK2   BANK3   BANK4   BANK5   BANK6   BANK7   BANK8   BANK9  BANK10  BANK11  BANK12
      Params:         2       0       0       0       0       0       0       0       0       0       0       0       0       0
      Locals:         0       0       0       0       0       0       0       0       0       0       0       0       0       0
      Temps:          0       0       0       0       0       0       0       0       0       0       0       0       0       0
      Totals:         2       0       0       0       0       0       0       0       0       0       0       0       0       0
Total ram usage:        2 bytes
 Hardware stack levels used:    1
 Hardware stack levels required when called:    3
 This function calls:
		Nothing
 This function is called by:
		_main
 This function uses a non-reentrant model


 *************** function _TMR1_Update_flag_Get *****************
 Defined at:
		line 47 in file "TMR1.c"
 Parameters:    Size  Location     Type
		None
 Auto vars:     Size  Location     Type
		None
 Return value:  Size  Location     Type
                  2    5[COMRAM] unsigned int 
 Registers used:
		None
 Tracked objects:
		On entry : 
		On exit  : 
		Unchanged: 
 Data sizes:     COMRAM   BANK0   BANK1   BANK2   BANK3   BANK4   BANK5   BANK6   BANK7   BANK8   BANK9  BANK10  BANK11  BANK12
      Params:         2       0       0       0       0       0       0       0       0       0       0       0       0       0
      Locals:         0       0       0       0       0       0       0       0       0       0       0       0       0       0
      Temps:          0       0       0       0       0       0       0       0       0       0       0       0       0       0
      Totals:         2       0       0       0       0       0       0       0       0       0       0       0       0       0
Total ram usage:        2 bytes
 Hardware stack levels used:    1
 Hardware stack levels required when called:    3
 This function calls:
		Nothing
[...]
 Defined at:
		line 52 in file "INI.c"
 Parameters:    Size  Location     Type
		None
 Auto vars:     Size  Location     Type
		None
 Return value:  Size  Location     Type
                  1    wreg      void 
 Registers used:
		wreg, status,2, status,0, cstack
 Tracked objects:
		On entry : 
		On exit  : 
		Unchanged: 
 Data sizes:     COMRAM   BANK0   BANK1   BANK2   BANK3   BANK4   BANK5   BANK6   BANK7   BANK8   BANK9  BANK10  BANK11  BANK12
      Params:         0       0       0       0       0       0       0       0       0       0       0       0       0       0
      Locals:         0       0       0       0       0       0       0       0       0       0       0       0       0       0
      Temps:          0       0       0       0       0       0       0       0       0       0       0       0       0       0
      Totals:         0       0       0       0       0       0       0       0       0       0       0       0       0       0
Total ram usage:        0 bytes
 Hardware stack levels used:    1
 Hardware stack levels required when called:    5
 This function calls:
		_CAN_Setup
		_INI_GlobalInterrupt
		_INI_LED_Start
		_INI_OUTPUT
		_INI_Timer
 This function is called by:
		_main
 This function uses a non-reentrant model


 *************** function _INI_Timer *****************
 Defined at:
		line 92 in file "TMR1.c"
 Parameters:    Size  Location     Type
		None
 Auto vars:     Size  Location     Type
		None
 Return value:  Size  Location     Type
                  1    wreg      unsigned char 
 Registers used:
		wreg, status,2
 Tracked objects:
		On entry : 
		On exit  : 
		Unchanged: 
 Data sizes:     COMRAM   BANK0   BANK1   BANK2   BANK3   BANK4   BANK5   BANK6   BANK7   BANK8   BANK9  BANK10  BANK11  BANK12
      Params:         0       0       0       0       0       0       0       0       0       0       0       0       0       0
      Locals:         0       0       0       0       0       0       0       0       0       0       0       0       0       0
      Temps:          0       0       0       0       0       0       0       0       0       0       0       0       0       0
      Totals:         0       0       0       0       0       0       0       0       0       0       0       0       0       0
Total ram usage:        0 bytes
 Hardware stack levels used:    1
 Hardware stack levels required when called:    3
 This function calls:
		Nothing
 This function is called by:
		_INI_All
 This function uses a non-reentrant model


 *************** function _INI_OUTPUT *****************
 Defined at:
		line 27 in file "INI.c"
 Parameters:    Size  Location     Type
		None
 Auto vars:     Size  Location     Type
		None
 Return value:  Size  Location     Type
                  1    wreg      void 
 Registers used:
		wreg, status,2
 Tracked objects:
		On entry : 
		On exit  : 
		Unchanged: 
 Data sizes:     COMRAM   BANK0   BANK1   BANK2   BANK3   BANK4   BANK5   BANK6   BANK7   BANK8   BANK9  BANK10  BANK11  BANK12
      Params:         0       0       0       0       0       0       0       0       0       0       0       0       0       0
      Locals:         0       0       0       0       0       0       0       0       0       0       0       0       0       0
      Temps:          0       0       0       0       0       0       0       0       0       0       0       0       0       0
      Totals:         0       0       0       0       0       0       0       0       0       0       0       0       0       0
Total ram usage:        0 bytes
 Hardware stack levels used:    1
 Hardware stack levels required when called:    3
 This function calls:
		Nothing
 This function is called by:
		_INI_All
 This function uses a non-reentrant model


 *************** function _INI_LED_Start *****************
 Defined at:
		line 231 in file "LED.c"
 Parameters:    Size  Location     Type
		None
 Auto vars:     Size  Location     Type
		None
 Return value:  Size  Location     Type
                  1    wreg      void 
 Registers used:
		wreg, status,2, status,0, cstack
 Tracked objects:
		On entry : 
		On exit  : 
		Unchanged: 
 Data sizes:     COMRAM   BANK0   BANK1   BANK2   BANK3   BANK4   BANK5   BANK6   BANK7   BANK8   BANK9  BANK10  BANK11  BANK12
      Params:         0       0       0       0       0       0       0       0       0       0       0       0       0       0
      Locals:         0       0       0       0       0       0       0       0       0       0       0       0       0       0
      Temps:          0       0       0       0       0       0       0       0       0       0       0       0       0       0
      Totals:         0       0       0       0       0       0       0       0       0       0       0       0       0       0
Total ram usage:        0 bytes
 Hardware stack levels used:    1
 Hardware stack levels required when called:    4
 This function calls:
		_LED_Control
 This function is called by:
		_INI_All
 This function uses a non-reentrant model


 *************** function _LED_Control *****************
 Defined at:
		line 256 in file "LED.c"
 Parameters:    Size  Location     Type
  color           1    wreg     enum E10644
  diode           2    5[COMRAM] unsigned int 
 Auto vars:     Size  Location     Type
  color           1    9[COMRAM] enum E10644
  cos             2    0        unsigned int 
 Return value:  Size  Location     Type
                  1    wreg      unsigned char 
 Registers used:
		wreg, status,2, status,0
 Tracked objects:
		On entry : 
		On exit  : 
		Unchanged: 
 Data sizes:     COMRAM   BANK0   BANK1   BANK2   BANK3   BANK4   BANK5   BANK6   BANK7   BANK8   BANK9  BANK10  BANK11  BANK12
      Params:         2       0       0       0       0       0       0       0       0       0       0       0       0       0
      Locals:         3       0       0       0       0       0       0       0       0       0       0       0       0       0
      Temps:          0       0       0       0       0       0       0       0       0       0       0       0       0       0
      Totals:         5       0       0       0       0       0       0       0       0       0       0       0       0       0
Total ram usage:        5 bytes
 Hardware stack levels used:    1
 Hardware stack levels required when called:    3
 This function calls:
		Nothing
 This function is called by:
		_LED_Error
		_LED_Update
		_LED_Light_Pos
		_INI_LED_Start
		_LED_Clear
 This function uses a non-reentrant model


 *************** function _INI_GlobalInterrupt *****************
 Defined at:
		line 74 in file "INI.c"
 Parameters:    Size  Location     Type
		None
 Auto vars:     Size  Location     Type
		None
 Return value:  Size  Location     Type
                  1    wreg      void 
 Registers used:
		None
 Tracked objects:
		On entry : 
		On exit  : 
		Unchanged: 
 Data sizes:     COMRAM   BANK0   BANK1   BANK2   BANK3   BANK4   BANK5   BANK6   BANK7   BANK8   BANK9  BANK10  BANK11  BANK12
      Params:         0       0       0       0       0       0       0       0       0       0       0       0       0       0
      Locals:         0       0       0       0       0       0       0       0       0       0       0       0       0       0
      Temps:          0       0       0       0       0       0       0       0       0       0       0       0       0       0
      Totals:         0       0       0       0       0       0       0       0       0       0       0       0       0       0
Total ram usage:        0 bytes
 Hardware stack levels used:    1
 Hardware stack levels required when called:    3
 This function calls:
		Nothing
 This function is called by:
		_INI_All
 This function uses a non-reentrant model


 *************** function _CAN_Setup *****************
 Defined at:
		line 22 in file "CAN.c"
 Parameters:    Size  Location     Type
		None
 Auto vars:     Size  Location     Type
		None
 Return value:  Size  Location     Type
                  1    wreg      void 
 Registers used:
		wreg, status,2, status,0, cstack
 Tracked objects:
		On entry : 
		On exit  : 
		Unchanged: 
 Data sizes:     COMRAM   BANK0   BANK1   BANK2   BANK3   BANK4   BANK5   BANK6   BANK7   BANK8   BANK9  BANK10  BANK11  BANK12
      Params:         0       0       0       0       0       0       0       0       0       0       0       0       0       0
      Locals:         0       0       0       0       0       0       0       0       0       0       0       0       0       0
      Temps:          1       0       0       0       0       0       0       0       0       0       0       0       0       0
      Totals:         1       0       0       0       0       0       0       0       0       0       0       0       0       0
Total ram usage:        1 bytes
 Hardware stack levels used:    1
 Hardware stack levels required when called:    4
 This function calls:
		_CAN_SetupClock
		_CAN_SetupMask
 This function is called by:
		_INI_All
 This function uses a non-reentrant model


 *************** function _CAN_SetupMask *****************
 Defined at:
		line 81 in file "CAN.c"
 Parameters:    Size  Location     Type
		None
 Auto vars:     Size  Location     Type
		None
 Return value:  Size  Location     Type
                  1    wreg      void 
 Registers used:
		wreg, status,2, status,0
 Tracked objects:
		On entry : 
		On exit  : 
		Unchanged: 
 Data sizes:     COMRAM   BANK0   BANK1   BANK2   BANK3   BANK4   BANK5   BANK6   BANK7   BANK8   BANK9  BANK10  BANK11  BANK12
      Params:         0       0       0       0       0       0       0       0       0       0       0       0       0       0
      Locals:         0       0       0       0       0       0       0       0       0       0       0       0       0       0
      Temps:          0       0       0       0       0       0       0       0       0       0       0       0       0       0
      Totals:         0       0       0       0       0       0       0       0       0       0       0       0       0       0
Total ram usage:        0 bytes
 Hardware stack levels used:    1
 Hardware stack levels required when called:    3
 This function calls:
		Nothing
 This function is called by:
		_CAN_Setup
 This function uses a non-reentrant model


 *************** function _CAN_SetupClock *****************
 Defined at:
		line 136 in file "CAN.c"
 Parameters:    Size  Location     Type
		None
 Auto vars:     Size  Location     Type
		None
 Return value:  Size  Location     Type
                  1    wreg      void 
 Registers used:
		None
 Tracked objects:
		On entry : 
		On exit  : 
		Unchanged: 
 Data sizes:     COMRAM   BANK0   BANK1   BANK2   BANK3   BANK4   BANK5   BANK6   BANK7   BANK8   BANK9  BANK10  BANK11  BANK12
      Params:         0       0       0       0       0       0       0       0       0       0       0       0       0       0
      Locals:         0       0       0       0       0       0       0       0       0       0       0       0       0       0
      Temps:          0       0       0       0       0       0       0       0       0       0       0       0       0       0
      Totals:         0       0       0       0       0       0       0       0       0       0       0       0       0       0
Total ram usage:        0 bytes
 Hardware stack levels used:    1
 Hardware stack levels required when called:    3
 This function calls:
		Nothing
 This function is called by:
		_CAN_Setup
 This function uses a non-reentrant model


 *************** function _ISR_low *****************
 Defined at:
		line 16 in file "ISR.c"
 Parameters:    Size  Location     Type
		None
 Auto vars:     Size  Location     Type
		None
 Return value:  Size  Location     Type
                  1    wreg      void 
 Registers used:
		wreg, status,2, status,0, cstack
 Tracked objects:
		On entry : 
		On exit  : 
		Unchanged: 
 Data sizes:     COMRAM   BANK0   BANK1   BANK2   BANK3   BANK4   BANK5   BANK6   BANK7   BANK8   BANK9  BANK10  BANK11  BANK12
      Params:         0       0       0       0       0       0       0       0       0       0       0       0       0       0
      Locals:         0       0       0       0       0       0       0       0       0       0       0       0       0       0
      Temps:          3       0       0       0       0       0       0       0       0       0       0       0       0       0
      Totals:         3       0       0       0       0       0       0       0       0       0       0       0       0       0
Total ram usage:        3 bytes
 Hardware stack levels used:    1
 Hardware stack levels required when called:    2
 This function calls:
		_TMR1_Timer_reset
		i1_TMR1_Update_flag_Set
 This function is called by:
		Interrupt level 1
 This function uses a non-reentrant model


 *************** function i1_TMR1_Update_flag_Set *****************
 Defined at:
		line 32 in file "TMR1.c"
 Parameters:    Size  Location     Type
  a               2    0[COMRAM] unsigned int 
 Auto vars:     Size  Location     Type
		None
 Return value:  Size  Location     Type
                  1    wreg      void 
 Registers used:
		None
 Tracked objects:
		On entry : 
		On exit  : 
		Unchanged: 
 Data sizes:     COMRAM   BANK0   BANK1   BANK2   BANK3   BANK4   BANK5   BANK6   BANK7   BANK8   BANK9  BANK10  BANK11  BANK12
      Params:         2       0       0       0       0       0       0       0       0       0       0       0       0       0
      Locals:         0       0       0       0       0       0       0       0       0       0       0       0       0       0
      Temps:          0       0       0       0       0       0       0       0       0       0       0       0       0       0
      Totals:         2       0       0       0       0       0       0       0       0       0       0       0       0       0
Total ram usage:        2 bytes
 Hardware stack levels used:    1
 Hardware stack levels required when called:    1
 This function calls:
		Nothing
 This function is called by:
		_ISR_low
 This function uses a non-reentrant model


 *************** function _TMR1_Timer_reset *****************
 Defined at:
		line 63 in file "TMR1.c"
 Parameters:    Size  Location     Type
		None
 Auto vars:     Size  Location     Type
  t1H             1    1[COMRAM] volatile unsigned char 
  t1L             1    0[COMRAM] volatile unsigned char 
 Return value:  Size  Location     Type
                  1    wreg      unsigned char 
 Registers used:
		wreg, status,2, status,0
 Tracked objects:
		On entry : 
		On exit  : 
		Unchanged: 
 Data sizes:     COMRAM   BANK0   BANK1   BANK2   BANK3   BANK4   BANK5   BANK6   BANK7   BANK8   BANK9  BANK10  BANK11  BANK12
      Params:         0       0       0       0       0       0       0       0       0       0       0       0       0       0
      Locals:         2       0       0       0       0       0       0       0       0       0       0       0       0       0
      Temps:          0       0       0       0       0       0       0       0       0       0       0       0       0       0
      Totals:         2       0       0       0       0       0       0       0       0       0       0       0       0       0
Total ram usage:        2 bytes
 Hardware stack levels used:    1
 Hardware stack levels required when called:    1
 This function calls:
		Nothing
 This function is called by:
		_ISR_low
 This function uses a non-reentrant model


 *************** function _ISR_high *****************
 Defined at:
		line 53 in file "ISR.c"
 Parameters:    Size  Location     Type
		None
 Auto vars:     Size  Location     Type
		None
 Return value:  Size  Location     Type
                  1    wreg      void 
 Registers used:
		None
 Tracked objects:
		On entry : 
		On exit  : 
		Unchanged: 
 Data sizes:     COMRAM   BANK0   BANK1   BANK2   BANK3   BANK4   BANK5   BANK6   BANK7   BANK8   BANK9  BANK10  BANK11  BANK12
      Params:         0       0       0       0       0       0       0       0       0       0       0       0       0       0
      Locals:         0       0       0       0       0       0       0       0       0       0       0       0       0       0
      Temps:          0       0       0       0       0       0       0       0       0       0       0       0       0       0
      Totals:         0       0       0       0       0       0       0       0       0       0       0       0       0       0
Total ram usage:        0 bytes
 Hardware stack levels used:    1
 This function calls:
		Nothing
 This function is called by:
		Interrupt level 2
 This function uses a non-reentrant model



MODULE INFORMATION

Module		Function		Class		Link	Load	Size
FRAME.c
		_FRAME_SensorExcitationStatus		CODE           	08F0	0000	207
		_FRAME_HandleCanFrame		CODE           	0800	0000	241
		_FRAME_AdressOfNeighbors		CODE           	02DC	0000	613

FRAME.c estimated size: 1061

TMR1.c
		_TMR1_Timer_reset		CODE           	0F1E	0000	37
		_TMR1_Update_flag_Set		CODE           	0FE0	0000	11
		_INI_Timer     		CODE           	0F98	0000	25
		_TMR1_Update_flag_Get		CODE           	0FEA	0000	11

TMR1.c estimated size: 84

LED.c
		_LOCK_Get      		CODE           	101E	0000	5
		_LOCK_Set      		CODE           	1010	0000	9
		_LED_Update    		CODE           	0B86	0000	123
		_LED_Left      		CODE           	0E02	0000	67
		_LED_Right     		CODE           	0D6C	0000	77
		_INI_LED_Start 		CODE           	0E44	0000	53
		_LED_Light_Pos 		CODE           	09BE	0000	177
		_LED_Control   		CODE           	06AE	0000	339
		_LED_Error     		CODE           	0F42	0000	31

LED.c estimated size: 881

TRM.c
		_TRM_DataTransmition		CODE           	0DB8	0000	75

TRM.c estimated size: 75

C:\Program Files (x86)\Microchip\xc8\v2.05\pic\sources\c99\common\lwdiv.c
		___lwdiv       		CODE           	0D1A	0000	83

C:\Program Files (x86)\Microchip\xc8\v2.05\pic\sources\c99\common\lwdiv.c estimated size: 83

C:\Program Files (x86)\Microchip\xc8\v2.05\pic\sources\c99\common\awdiv.c
		___awdiv       		CODE           	0B02	0000	133

C:\Program Files (x86)\Microchip\xc8\v2.05\pic\sources\c99\common\awdiv.c estimated size: 133

INI.c
		_INI_GlobalInterrupt		CODE           	0FBE	0000	15
		_INI_OUTPUT    		CODE           	0F60	0000	31
		_INI_All       		CODE           	0F7E	0000	27

INI.c estimated size: 73

shared
		i1_TMR1_Update_flag_Set		CODE           	0FF4	0000	11
		__initialization		CODE           	0CC0	0000	77

shared estimated size: 88

C:\Program Files (x86)\Microchip\xc8\v2.05\pic\sources\c99\common\Umul16.c
		___wmul        		CODE           	0EF8	0000	39

C:\Program Files (x86)\Microchip\xc8\v2.05\pic\sources\c99\common\Umul16.c estimated size: 39

ISR.c
		_ISR_high      		CODE           	0008	0000	13
		_ISR_low       		CODE           	0018	0000	69

ISR.c estimated size: 82

MOC_Funct.c
		_MOC_Frame_Counter		CODE           	0FB0	0000	15
		_MOC_NOTWORK   		CODE           	1008	0000	9
		_MOC_Wynikowa_wartosc_roznicowa		CODE           	0FCC	0000	11
		_MOC_Aktualna_Temperatura		CODE           	0FD6	0000	11

MOC_Funct.c estimated size: 46

main.c
		_main          		CODE           	0E78	0000	47

main.c estimated size: 47

CAN.c
		_CAN_TakeFrame 		CODE           	0060	0000	637
		_CAN_GenID     		CODE           	0A6E	0000	149
		_CAN_Setup     		CODE           	0C64	0000	93
		_CAN_SendFrame 		CODE           	0540	0000	367
		_CAN_MoveBuffIntoFrame		CODE           	0EA6	0000	43
		_CAN_SetupMask 		CODE           	0C00	0000	101
		_CAN_SetupClock		CODE           	0ED0	0000	41

CAN.c estimated size: 1431

