Microchip MPLAB XC8 Compiler V2.05 ()

Linker command line:

-W-3 --edf=C:\Program Files (x86)\Microchip\xc8\v2.05\pic\dat\en_msgs.txt \
  -cs -h+dist/default/debug\SieciowySystemDetekcjiKartaCzujnikowa.debug.sym \
  --cmf=dist/default/debug\SieciowySystemDetekcjiKartaCzujnikowa.debug.cmf \
  -z -Q18F4680 -oC:\Users\hp\AppData\Local\Temp\sadg.2 \
  --defsym=__MPLAB_BUILD=1 \
  -Mdist/default/debug/SieciowySystemDetekcjiKartaCzujnikowa.debug.map -E1 \
  -ver=XC8 --acfsm=1493 -ASTACK=0301h-0CF3h -pstack=STACK -ACODE=00h-0FD2Fh \
  -ACONST=00h-0FD2Fh -ASMALLCONST=0D00h-0DFFhx240,0FD00h-0FD2Fh \
  -AMEDIUMCONST=0D00h-0FD2Fh -ACOMRAM=01h-05Fh -AABS1=00h-0CF3h \
  -ABIGRAM=01h-0CF3h -ARAM=060h-0FFh,0100h-01FFhx11,0C00h-0CF3h \
  -ABANK0=060h-0FFh -ABANK1=0100h-01FFh -ABANK2=0200h-02FFh \
  -ABANK3=0300h-03FFh -ABANK4=0400h-04FFh -ABANK5=0500h-05FFh \
  -ABANK6=0600h-06FFh -ABANK7=0700h-07FFh -ABANK8=0800h-08FFh \
  -ABANK9=0900h-09FFh -ABANK10=0A00h-0AFFh -ABANK11=0B00h-0BFFh \
  -ABANK12=0C00h-0CF3h \
  -ASFR=0D00h-0DFFhx2,0F00h-0F5Fh,0F60h-0F9Bh,0F9Dh-0FD3h,0FD5h-0FDAh,0FE0h-0FE2h,0FE8h-0FEAh,0FF0h-0FFCh \
  -preset_vec=00h,intcode=08h,intcodelo=018h,powerup,init -pramtop=0D00h \
  -psmallconst=SMALLCONST -pmediumconst=MEDIUMCONST -pconst=CONST \
  -AFARRAM=00h-00h -ACONFIG=0300000h-030000Dh -pconfig=CONFIG \
  -AIDLOC=0200000h-0200007h -pidloc=IDLOC -AEEDATA=0F00000h-0F003FFh \
  -peeprom_data=EEDATA \
  -prdata=COMRAM,nvrram=COMRAM,nvbit=COMRAM,rbss=COMRAM,rbit=COMRAM \
  -pfarbss=FARRAM,fardata=FARRAM,nvFARRAM=FARRAM \
  -pintsave_regs=BIGRAM,bigbss=BIGRAM,bigdata=BIGRAM -pbss=RAM \
  -pidata=CODE,irdata=CODE,ibigdata=CODE,ifardata=CODE -prparam=COMRAM \
  C:\Users\hp\AppData\Local\Temp\sadg.o \
  dist/default/debug\SieciowySystemDetekcjiKartaCzujnikowa.debug.o 

Object code version is 3.11

Machine type is 18F4680

Call graph: (short form)




                Name                               Link     Load   Length Selector   Space Scale
C:\Users\hp\AppData\Local\Temp\sadg.o
                init                                 5E       5E        4        C       0
                reset_vec                             0        0        4        0       0
                idloc                            200000   200000        8   200000       0
                config                           300000   300000        E   300000       0
dist/default/debug\SieciowySystemDetekcjiKartaCzujnikowa.debug.o
                intcodelo                            18       18       46        C       0
                intcode                               8        8        6        4       0
                temp                                 4C       4C        1        1       1
                intcode_body                       1C64     1C64        6      DFD       0
                text63                             1B0E     1B0E       24        C       0
                text62                             1C4A     1C4A        A      DFD       0
                text60                             1BAA     1BAA       16        C       0
                text59                             133A     133A       7C        C       0
                text58                             1AE6     1AE6       28        C       0
                text57                             1220     1220       96        C       0
                text56                             151E     151E       72        C       0
                text55                             15F6     15F6       5C        C       0
                text54                             1BE0     1BE0        E        C       0
                text53                              A94      A94      152        C       0
                text52                             1A88     1A88       34        C       0
                text51                             1B54     1B54       20        C       0
                text50                             1B92     1B92       18        C       0
                text49                             19EA     19EA       36        C       0
                text48                             18D8     18D8       3A        C       0
                text47                             1BC0     1BC0       12        C       0
                text46                             1A54     1A54       34        C       0
                text45                              922      922      172        C       0
                text44                             1B32     1B32       22        C       0
                text43                             1896     1896       42        C       0
                text42                             184A     184A       4C        C       0
                text41                             175E     175E       52        C       0
                text40                             10D2     10D2       B0        C       0
                text39                             13B6     13B6       7A        C       0
                text38                             1C40     1C40        A      DFD       0
                text37                             1C36     1C36        A      DFD       0
                text36                             1ABC     1ABC       2A        C       0
                text35                             12B6     12B6       84        C       0
                text34                              32E      32E      27C        C       0
                text33                             1430     1430       78        C       0
                text32                              7B0      7B0      172        C       0
                text31                             1C2C     1C2C        A      DFD       0
                text30                             1C22     1C22        A      DFD       0
                text29                             1C18     1C18        A      DFD       0
                text28                             1C0E     1C0E        A      DFD       0
                text27                             14A8     14A8       76        C       0
                text26                               62       62      2CC        C       0
                text25                             1C70     1C70        2      DFD       0
                text24                             19B4     19B4       36        C       0
                text23                             197E     197E       36        C       0
                text22                             16AC     16AC       5A        C       0
                text21                             1A20     1A20       34        C       0
                text20                             1948     1948       36        C       0
                text19                              F26      F26       E2        C       0
                text18                              BE6      BE6      148        C       0
                text17                             17B0     17B0       4E        C       0
                text16                             1912     1912       36        C       0
                text15                             1C6E     1C6E        2      DFD       0
                text14                             1706     1706       58        C       0
                text13                             1182     1182       9E        C       0
                text12                             1008     1008       CA        C       0
                text11                             1C6A     1C6A        4      DFD       0
                text10                             1C5C     1C5C        8      DFD       0
                text9                              1C04     1C04        A      DFD       0
                text8                              1BD2     1BD2        E        C       0
                text7                              1C54     1C54        8      DFD       0
                text6                              1BFA     1BFA        A      DFD       0
                text5                               D2E      D2E      10C        C       0
                text4                              1590     1590       66        C       0
                text3                              1B74     1B74       1E        C       0
                text2                               5AA      5AA      206        C       0
                text1                              17FE     17FE       4C        C       0
                text0                               E3A      E3A       EC        C       0
                cstackCOMRAM                         25       25       1C        1       1
                cstackBANK0                          D0       D0       11       60       1
                bssBIGRAM                            E1       E1      220       E1       1
                bssBANK0                             60       60       70       60       1
                dataCOMRAM                           41       41        B        1       1
                bssCOMRAM                             1        1       24        1       1
                cinit                              1652     1652       5A        C       0
                idataCOMRAM                        1BEE     1BEE        B        C       0

TOTAL           Name                               Link     Load   Length     Space
        CLASS   STACK          

        CLASS   CODE           
                intcodelo                            18       18       46         0
                intcode                               8        8        6         0
                init                                 5E       5E        4         0
                reset_vec                             0        0        4         0
                intcode_body                       1C64     1C64        6         0
                text63                             1B0E     1B0E       24         0
                text62                             1C4A     1C4A        A         0
                text60                             1BAA     1BAA       16         0
                text59                             133A     133A       7C         0
                text58                             1AE6     1AE6       28         0
                text57                             1220     1220       96         0
                text56                             151E     151E       72         0
                text55                             15F6     15F6       5C         0
                text54                             1BE0     1BE0        E         0
                text53                              A94      A94      152         0
                text52                             1A88     1A88       34         0
                text51                             1B54     1B54       20         0
                text50                             1B92     1B92       18         0
                text49                             19EA     19EA       36         0
                text48                             18D8     18D8       3A         0
                text47                             1BC0     1BC0       12         0
                text46                             1A54     1A54       34         0
                text45                              922      922      172         0
                text44                             1B32     1B32       22         0
                text43                             1896     1896       42         0
                text42                             184A     184A       4C         0
                text41                             175E     175E       52         0
                text40                             10D2     10D2       B0         0
                text39                             13B6     13B6       7A         0
                text38                             1C40     1C40        A         0
                text37                             1C36     1C36        A         0
                text36                             1ABC     1ABC       2A         0
                text35                             12B6     12B6       84         0
                text34                              32E      32E      27C         0
                text33                             1430     1430       78         0
                text32                              7B0      7B0      172         0
                text31                             1C2C     1C2C        A         0
                text30                             1C22     1C22        A         0
                text29                             1C18     1C18        A         0
                text28                             1C0E     1C0E        A         0
                text27                             14A8     14A8       76         0
                text26                               62       62      2CC         0
                text25                             1C70     1C70        2         0
                text24                             19B4     19B4       36         0
                text23                             197E     197E       36         0
                text22                             16AC     16AC       5A         0
                text21                             1A20     1A20       34         0
                text20                             1948     1948       36         0
                text19                              F26      F26       E2         0
                text18                              BE6      BE6      148         0
                text17                             17B0     17B0       4E         0
                text16                             1912     1912       36         0
                text15                             1C6E     1C6E        2         0
                text14                             1706     1706       58         0
                text13                             1182     1182       9E         0
                text12                             1008     1008       CA         0
                text11                             1C6A     1C6A        4         0
                text10                             1C5C     1C5C        8         0
                text9                              1C04     1C04        A         0
                text8                              1BD2     1BD2        E         0
                text7                              1C54     1C54        8         0
                text6                              1BFA     1BFA        A         0
                text5                               D2E      D2E      10C         0
                text4                              1590     1590       66         0
                text3                              1B74     1B74       1E         0
                text2                               5AA      5AA      206         0
                text1                              17FE     17FE       4C         0
                text0                               E3A      E3A       EC         0
                cinit                              1652     1652       5A         0
                idataCOMRAM                        1BEE     1BEE        B         0

        CLASS   CONST          

        CLASS   SMALLCONST     

        CLASS   MEDIUMCONST    

        CLASS   COMRAM         
                temp                                 4C       4C        1         1
                cstackCOMRAM                         25       25       1C         1
                dataCOMRAM                           41       41        B         1
                bssCOMRAM                             1        1       24         1

        CLASS   ABS1           

        CLASS   BIGRAM         
                bssBIGRAM                            E1       E1      220         1

        CLASS   RAM            

        CLASS   BANK0          
                cstackBANK0                          D0       D0       11         1
                bssBANK0                             60       60       70         1

        CLASS   BANK1          

        CLASS   BANK2          

        CLASS   BANK3          

        CLASS   BANK4          

        CLASS   BANK5          

        CLASS   BANK6          

        CLASS   BANK7          

        CLASS   BANK8          

        CLASS   BANK9          

        CLASS   BANK10         

        CLASS   BANK11         

        CLASS   BANK12         

        CLASS   SFR            

        CLASS   FARRAM         

        CLASS   CONFIG         
                config                           300000   300000        E         0

        CLASS   IDLOC          
                idloc                            200000   200000        8         0

        CLASS   EEDATA         



SEGMENTS        Name                           Load    Length   Top    Selector   Space  Class

                reset_vec                      000000  000004  000004         0       0  CODE    
                bssCOMRAM                      000001  00004C  00004D         1       1  COMRAM  
                intcode                        000008  000006  00000E         4       0  CODE    
                intcodelo                      000018  001BE1  001BF9         C       0  CODE    
                bssBANK0                       000060  000081  0000E1        60       1  BANK0   
                bssBIGRAM                      0000E1  000220  000301        E1       1  BIGRAM  
                text6                          001BFA  000078  001C72       DFD       0  CODE    
                idloc                          200000  000008  200008    200000       0  IDLOC   
                config                         300000  00000E  30000E    300000       0  CONFIG  


UNUSED ADDRESS RANGES

        Name                Unused          Largest block    Delta
        BANK10           000A00-000AFF              100
        BANK11           000B00-000BFF              100
        BANK12           000C00-000CF3               F4
        BANK3            000301-0003FF               FF
        BANK4            000400-0004FF              100
        BANK5            000500-0005FF              100
        BANK6            000600-0006FF              100
        BANK7            000700-0007FF              100
        BANK8            000800-0008FF              100
        BANK9            000900-0009FF              100
        BIGRAM           00004D-00005F               13
                         000301-000CF3              9F3
        CODE             000004-000007                4
                         00000E-000017                A
                         001BF9-001BF9                1
                         001C72-00FD2F             E0BE
        COMRAM           00004D-00005F               13
        CONST            000004-000007                4
                         00000E-000017                A
                         001BF9-001BF9                1
                         001C72-00FD2F             E0BE
        EEDATA           F00000-F003FF              400
        MEDIUMCONST      001BF9-001BF9                1
                         001C72-00FD2F             E0BE
        RAM              000301-000CF3              100
        SFR              000D00-000F9B              100
                         000F9D-000FD3               37
                         000FD5-000FDA                6
                         000FE0-000FE2                3
                         000FE8-000FEA                3
                         000FF0-000FFC                D
        SMALLCONST       001BF9-001BF9                1
                         001C72-00FD2F              100
        STACK            000301-000CF3              9F3

                                  Symbol Table

?_FLASH_Read                              cstackCOMRAM 00002A
?_IsInNeighbors                           cstackCOMRAM 00002A
?_LED_Left                                cstackCOMRAM 00002A
?_LED_Right                               cstackCOMRAM 00002A
?_MOCK_Klikniecie_Spadek                  cstackCOMRAM 00002A
?_MOCK_PrzyspieszenieX                    cstackCOMRAM 00002A
?_MOCK_PrzyspieszenieY                    cstackCOMRAM 00002A
?_MOCK_PrzyspieszenieZ                    cstackCOMRAM 00002A
?_MOC_Aktualna_Temperatura                cstackCOMRAM 00002A
?_MOC_Frame_Counter                       cstackCOMRAM 00002A
?_MOC_NOTWORK                             cstackCOMRAM 00002A
?_MOC_Wynikowa_wartosc_roznicowa          cstackCOMRAM 00002A
?_TMR1_Update_flag_Get                    cstackCOMRAM 00002A
?___awdiv                                 cstackCOMRAM 00002A
?___lwdiv                                 cstackCOMRAM 00002A
CAN_GenID@frameID                         cstackCOMRAM 00002C
CAN_GenID@message                         cstackCOMRAM 00002A
CAN_MoveBuffIntoFrame@Buf                 cstackCOMRAM 00002C
CAN_MoveBuffIntoFrame@Ram                 cstackCOMRAM 00002A
CAN_MoveBuffIntoFrame@i                   cstackCOMRAM 00002E
CAN_SendFrame@message                     cstackCOMRAM 00002F
CAN_TakeFrame@k                           cstackCOMRAM 000037
CAN_TakeFrame@message                     cstackCOMRAM 000032
CAN_TakeFrame@tempCON                     cstackCOMRAM 000036
FLASH_Read@addr                           cstackCOMRAM 00002A
FLASH_Write@GIEBitValue                   cstackCOMRAM 000032
FLASH_Write@addr                          cstackCOMRAM 00002A
FLASH_Write@flashWrBufPtr                 cstackCOMRAM 000034
FLASH_Write@val                           cstackCOMRAM 00002E
FRAME_AccelerometerStatus@message         cstackCOMRAM 00002C
FRAME_AdressOfNeighbors@kier              cstackCOMRAM 000032
FRAME_AdressOfNeighbors@message           cstackCOMRAM 00002A
FRAME_AdressOfNeighbors@nrRamki           cstackCOMRAM 00002C
FRAME_AnalogValue@message                 cstackCOMRAM 00002A
FRAME_AnalogValue@set                     cstackCOMRAM 00002C
FRAME_AveragingTimes@message              cstackCOMRAM 00002A
FRAME_AxisStatus@message                  cstackCOMRAM 00002A
FRAME_DataUpdateAndChangeOption@message   cstackCOMRAM 00002A
FRAME_DeviceReset@message                 cstackCOMRAM 000033
FRAME_ExcitationMultiplier@i              cstackCOMRAM 00002D
FRAME_ExcitationMultiplier@message        cstackCOMRAM 00002A
FRAME_ExcitationValue@message             cstackCOMRAM 00002A
FRAME_HandleCanFrame@ident                cstackCOMRAM 00003C
FRAME_HandleCanFrame@identyfikator        cstackCOMRAM 00003E
FRAME_HandleCanFrame@message              cstackCOMRAM 000036
FRAME_MapPosition@message                 cstackCOMRAM 00002A
FRAME_Plot@message                        cstackCOMRAM 000031
FRAME_PrzypisanieDokarty@message          cstackCOMRAM 00002A
FRAME_SensorExcitationStatus@message      cstackCOMRAM 00002C
FRAME_SensorExcitationStatus@statwect     bssCOMRAM    000007
FRAME_SensorExcitationStatus@tru          cstackCOMRAM 000030
FRAME_SoftwareVersion@message             cstackCOMRAM 00002A
ISR_low@ramkaStanuU8                      bssCOMRAM    000010
IsInNeighbors@message_adress              cstackCOMRAM 00002A
LED_Control@color                         cstackCOMRAM 00002E
LED_Control@diode                         cstackCOMRAM 00002A
LED_Left@a                                cstackCOMRAM 00002A
LED_Left@b                                cstackCOMRAM 00002C
LED_Light_Pos@LED_array                   cstackCOMRAM 000036
LED_Light_Pos@color                       cstackCOMRAM 000035
LED_Light_Pos@flage                       cstackCOMRAM 00003A
LED_Light_Pos@fulfillment                 cstackCOMRAM 000033
LED_Light_Pos@pos                         cstackCOMRAM 000031
LED_Light_Pos@pos2                        cstackCOMRAM 000038
LED_Right@a                               cstackCOMRAM 00002A
LED_Right@b                               cstackCOMRAM 00002E
LED_Update@Green                          dataCOMRAM   000049
LED_Update@pos1                           dataCOMRAM   000045
LED_Update@pos2                           dataCOMRAM   000043
LOCK_Set@k                                cstackCOMRAM 00002A
MOC_Frame_Counter@zeta                    dataCOMRAM   000041
NVMInit@result                            cstackCOMRAM 000032
NVMRead@addr                              cstackCOMRAM 00002E
NVMRead@count                             cstackCOMRAM 000030
NVMRead@dest                              cstackCOMRAM 00002C
NVMWrite@addr                             cstackCOMRAM 00002F
NVMWrite@count                            cstackCOMRAM 000031
NVMWrite@source                           cstackCOMRAM 00002D
NVMalloc@location                         cstackCOMRAM 00002C
NVMalloc@size                             cstackCOMRAM 00002A
ReadfromEEPROM@Address                    cstackCOMRAM 00002A
TMR1_Timer_reset@t1H                      cstackCOMRAM 000026
TMR1_Timer_reset@t1L                      cstackCOMRAM 000025
TMR1_Update_flag_Set@a                    cstackCOMRAM 00002A
TRM_DataTransmition@canMessage            cstackBANK0  0000D0
WritetoEEPROM@Address                     cstackCOMRAM 00002A
WritetoEEPROM@Data                        cstackCOMRAM 00002C
WritetoEEPROM@GIE_Status                  bssCOMRAM    00000D
_B0CON                                    (abs)        000E20
_B1CON                                    (abs)        000E30
_B2CON                                    (abs)        000E40
_B3CON                                    (abs)        000E50
_B4CON                                    (abs)        000E60
_B5CON                                    (abs)        000E70
_BIE0                                     (abs)        000DFA
_BRGCON1bits                              (abs)        000F70
_BRGCON2bits                              (abs)        000F71
_BRGCON3bits                              (abs)        000F72
_BSEL0                                    (abs)        000DF8
_CANCON                                   (abs)        000F6F
_CANSTAT                                  (abs)        000F6E
_CAN_GenID                                text33       001430
_CAN_MoveBuffIntoFrame                    text36       001ABC
_CAN_SendFrame                            text32       0007B0
_CAN_Setup                                text55       0015F6
_CAN_SetupClock                           text58       001AE6
_CAN_SetupFilter_Ne                       text57       001220
_CAN_SetupMask                            text56       00151E
_CAN_TakeFrame                            text34       00032E
_CIOCON                                   (abs)        000F73
_COMSTATbits                              (abs)        000F74
_Dane                                     bssCOMRAM    00000B
_DaneCan                                  bssCOMRAM    000001
_DetectorLedRadar                         bssBANK0     0000CB
_ECANCON                                  (abs)        000F77
_EEADR                                    (abs)        000FA9
_EEADRH                                   (abs)        000FAA
_EECON1bits                               (abs)        000FA6
_EECON2                                   (abs)        000FA7
_EEDATA                                   (abs)        000FA8
_FLASH_Read                               text60       001BAA
_FLASH_Write                              text59       00133A
_FRAME_AccelerometerStatus                text27       0014A8
_FRAME_AdressOfNeighbors                  text26       000062
_FRAME_AnalogValue                        text25       001C70
_FRAME_AveragingTimes                     text24       0019B4
_FRAME_AxisStatus                         text23       00197E
_FRAME_DataUpdateAndChangeOption          text22       0016AC
_FRAME_DeviceReset                        text18       000BE6
_FRAME_ExcitationMultiplier               text17       0017B0
_FRAME_ExcitationValue                    text16       001912
_FRAME_HandleCanFrame                     text2        0005AA
_FRAME_MapPosition                        text15       001C6E
_FRAME_Plot                               text14       001706
_FRAME_PrzypisanieDokarty                 text13       001182
_FRAME_SensorExcitationStatus             text5        000D2E
_FRAME_SoftwareVersion                    text4        001590
_Flagi                                    bssBANK0     0000C6
_Fulfillment_Lvl                          dataCOMRAM   000047
_INI_All                                  text44       001B32
_INI_GlobalInterrupt                      text54       001BE0
_INI_LED_Start                            text52       001A88
_INI_OUTPUT                               text51       001B54
_INI_Timer                                text50       001B92
_INTCONbits                               (abs)        000FF2
_IPEN                                     (abs)        007E87
_IPR3                                     (abs)        000FA5
_IRCF0                                    (abs)        007E9C
_IRCF1                                    (abs)        007E9D
_IRCF2                                    (abs)        007E9E
_ISR_high                                 intcode      000008
_ISR_low                                  intcodelo    000018
_IsInNeighbors                            text12       001008
_LATA                                     (abs)        000F89
_LATB                                     (abs)        000F8A
_LATC                                     (abs)        000F8B
_LATD                                     (abs)        000F8C
_LATE                                     (abs)        000F8D
_LED_Control                              text53       000A94
_LED_Error                                text3        001B74
_LED_Left                                 text43       001896
_LED_Light_Pos                            text40       0010D2
_LED_Right                                text42       00184A
_LED_Update                               text39       0013B6
_LOCK                                     bssCOMRAM    000012
_LOCK_Get                                 text11       001C6A
_LOCK_Set                                 text10       001C5C
_MOCK_Klikniecie_Spadek                   text31       001C2C
_MOCK_PrzyspieszenieX                     text30       001C22
_MOCK_PrzyspieszenieY                     text29       001C18
_MOCK_PrzyspieszenieZ                     text28       001C0E
_MOC_Aktualna_Temperatura                 text9        001C04
_MOC_Frame_Counter                        text8        001BD2
_MOC_NOTWORK                              text7        001C54
_MOC_Wynikowa_wartosc_roznicowa           text6        001BFA
_MSEL0                                    (abs)        000DF0
_MSEL1                                    (abs)        000DF1
_MSEL2                                    (abs)        000DF2
_MSEL3                                    (abs)        000DF3
_NVMInit                                  text48       0018D8
_NVMRead                                  text46       001A54
_NVMWrite                                 text20       001948
_NVMalloc                                 text49       0019EA
_NeightAdress1                            bssCOMRAM    000023
_NeightAdress2                            dataCOMRAM   00004A
_NeightAdress3                            bssCOMRAM    000021
_NeightAdress4                            bssCOMRAM    00001F
_NeightAdress5                            bssCOMRAM    00001D
_NeightAdress6                            bssCOMRAM    00001B
_NeightAdress7                            bssCOMRAM    000019
_NeightAdress8                            bssCOMRAM    000017
_PEIE                                     (abs)        007F96
_PIE3                                     (abs)        000FA3
_PIR3                                     (abs)        000FA4
_RCON                                     (abs)        000FD0
_RCONbits                                 (abs)        000FD0
_RXB0CON                                  (abs)        000F60
_RXB0CONbits                              (abs)        000F60
_RXB0D0                                   (abs)        000F66
_RXB0DLC                                  (abs)        000F65
_RXB0DLCbits                              (abs)        000F65
_RXB0EIDH                                 (abs)        000F63
_RXB0EIDL                                 (abs)        000F64
_RXB0SIDH                                 (abs)        000F61
_RXB0SIDL                                 (abs)        000F62
_RXB0SIDLbits                             (abs)        000F62
_RXB1CON                                  (abs)        000F50
_RXF0EIDH                                 (abs)        000F02
_RXF0EIDL                                 (abs)        000F03
_RXF0SIDH                                 (abs)        000F00
_RXF0SIDL                                 (abs)        000F01
_RXF0SIDLbits                             (abs)        000F01
_RXF1EIDH                                 (abs)        000F06
_RXF1EIDL                                 (abs)        000F07
_RXF1SIDH                                 (abs)        000F04
_RXF1SIDL                                 (abs)        000F05
_RXF1SIDLbits                             (abs)        000F05
_RXF2EIDH                                 (abs)        000F0A
_RXF2EIDL                                 (abs)        000F0B
_RXF2SIDH                                 (abs)        000F08
_RXF2SIDL                                 (abs)        000F09
_RXF2SIDLbits                             (abs)        000F09
_RXF3EIDH                                 (abs)        000F0E
_RXF3EIDL                                 (abs)        000F0F
_RXF3SIDH                                 (abs)        000F0C
_RXF3SIDL                                 (abs)        000F0D
_RXF3SIDLbits                             (abs)        000F0D
_RXF4EIDH                                 (abs)        000F12
_RXF4EIDL                                 (abs)        000F13
_RXF4SIDH                                 (abs)        000F10
_RXF4SIDL                                 (abs)        000F11
_RXF4SIDLbits                             (abs)        000F11
_RXF5EIDH                                 (abs)        000F16
_RXF5EIDL                                 (abs)        000F17
_RXF5SIDH                                 (abs)        000F14
_RXF5SIDL                                 (abs)        000F15
_RXF5SIDLbits                             (abs)        000F15
_RXF6EIDH                                 (abs)        000D62
_RXF6EIDL                                 (abs)        000D63
_RXF6SIDH                                 (abs)        000D60
_RXF6SIDL                                 (abs)        000D61
_RXF6SIDLbits                             (abs)        000D61
_RXF7EIDH                                 (abs)        000D66
_RXF7EIDL                                 (abs)        000D67
_RXF7SIDH                                 (abs)        000D64
_RXF7SIDL                                 (abs)        000D65
_RXF7SIDLbits                             (abs)        000D65
_RXF8EIDH                                 (abs)        000D6A
_RXF8EIDL                                 (abs)        000D6B
_RXF8SIDH                                 (abs)        000D68
_RXF8SIDL                                 (abs)        000D69
_RXF8SIDLbits                             (abs)        000D69
_RXF9EIDH                                 (abs)        000D72
_RXF9EIDL                                 (abs)        000D73
_RXF9SIDH                                 (abs)        000D70
_RXF9SIDL                                 (abs)        000D71
_RXF9SIDLbits                             (abs)        000D71
_RXFBCON0                                 (abs)        000DE0
_RXFBCON1                                 (abs)        000DE1
_RXFBCON2                                 (abs)        000DE2
_RXFBCON3                                 (abs)        000DE3
_RXFBCON4                                 (abs)        000DE4
_RXFCON0                                  (abs)        000DD4
_RXM0EIDH                                 (abs)        000F1A
_RXM0EIDL                                 (abs)        000F1B
_RXM0SIDH                                 (abs)        000F18
_RXM0SIDL                                 (abs)        000F19
_RXM1EIDH                                 (abs)        000F1E
_RXM1EIDL                                 (abs)        000F1F
_RXM1SIDH                                 (abs)        000F1C
_RXM1SIDL                                 (abs)        000F1D
_ReadDataToEEPROM                         text45       000922
_ReadfromEEPROM                           text47       001BC0
_T1CON                                    (abs)        000FCD
_TABLAT                                   (abs)        000FF5
_TBLPTR                                   (abs)        000FF6
_TMR1H                                    (abs)        000FCF
_TMR1IE                                   (abs)        007CE8
_TMR1IF                                   (abs)        007CF0
_TMR1IP                                   (abs)        007CF8
_TMR1L                                    (abs)        000FCE
_TMR1ON                                   (abs)        007E68
_TMR1_Timer_reset                         text63       001B0E
_TMR1_Update_flag                         bssCOMRAM    000009
_TMR1_Update_flag_Get                     text38       001C40
_TMR1_Update_flag_Set                     text37       001C36
_TRISA                                    (abs)        000F92
_TRISB                                    (abs)        000F93
_TRISC                                    (abs)        000F94
_TRISD                                    (abs)        000F95
_TRISE                                    (abs)        000F96
_TRM_DataTransmition                      text1        0017FE
_TXB0CON                                  (abs)        000F40
_TXB0CONbits                              (abs)        000F40
_WDTCONbits                               (abs)        000FD1
_WriteDataToEEPROM                        text19       000F26
_WritetoEEPROM                            text21       001A20
__CFG_BBSIZ$1024                          (abs)        000000
__CFG_BOREN$BOHW                          (abs)        000000
__CFG_BORV$3                              (abs)        000000
__CFG_CP0$OFF                             (abs)        000000
__CFG_CP1$OFF                             (abs)        000000
__CFG_CP2$OFF                             (abs)        000000
__CFG_CP3$OFF                             (abs)        000000
__CFG_CPB$OFF                             (abs)        000000
__CFG_CPD$OFF                             (abs)        000000
__CFG_EBTR0$OFF                           (abs)        000000
__CFG_EBTR1$OFF                           (abs)        000000
__CFG_EBTR2$OFF                           (abs)        000000
__CFG_EBTR3$OFF                           (abs)        000000
__CFG_EBTRB$OFF                           (abs)        000000
__CFG_FCMEN$OFF                           (abs)        000000
__CFG_IESO$OFF                            (abs)        000000
__CFG_LPT1OSC$OFF                         (abs)        000000
__CFG_LVP$OFF                             (abs)        000000
__CFG_MCLRE$ON                            (abs)        000000
__CFG_OSC$IRCIO67                         (abs)        000000
__CFG_PBADEN$ON                           (abs)        000000
__CFG_PWRT$OFF                            (abs)        000000
__CFG_STVREN$ON                           (abs)        000000
__CFG_WDT$OFF                             (abs)        000000
__CFG_WDTPS$32768                         (abs)        000000
__CFG_WRT0$OFF                            (abs)        000000
__CFG_WRT1$OFF                            (abs)        000000
__CFG_WRT2$OFF                            (abs)        000000
__CFG_WRT3$OFF                            (abs)        000000
__CFG_WRTB$OFF                            (abs)        000000
__CFG_WRTC$OFF                            (abs)        000000
__CFG_WRTD$OFF                            (abs)        000000
__CFG_XINST$OFF                           (abs)        000000
__HRAM                                    (abs)        000000
__Habs1                                   abs1         000000
__Hbank0                                  bank0        000000
__Hbank1                                  bank1        000000
__Hbank10                                 bank10       000000
__Hbank11                                 bank11       000000
__Hbank12                                 bank12       000000
__Hbank2                                  bank2        000000
__Hbank3                                  bank3        000000
__Hbank4                                  bank4        000000
__Hbank5                                  bank5        000000
__Hbank6                                  bank6        000000
__Hbank7                                  bank7        000000
__Hbank8                                  bank8        000000
__Hbank9                                  bank9        000000
__Hbigbss                                 bigbss       000000
__Hbigdata                                bigdata      000000
__Hbigram                                 bigram       000000
__Hbss                                    bss          000000
__HbssBANK0                               bssBANK0     000000
__HbssBIGRAM                              bssBIGRAM    000000
__HbssCOMRAM                              bssCOMRAM    000000
__Hcinit                                  cinit        000000
__Hclrtext                                clrtext      000000
__Hcomram                                 comram       000000
__Hconfig                                 config       30000E
__Hconst                                  const        000000
__HcstackBANK0                            cstackBANK0  000000
__HcstackCOMRAM                           cstackCOMRAM 000000
__Hdata                                   data         000000
__HdataCOMRAM                             dataCOMRAM   000000
__Heeprom_data                            eeprom_data  000000
__Hfarbss                                 farbss       000000
__Hfardata                                fardata      000000
__Hibigdata                               ibigdata     000000
__Hidata                                  idata        000000
__HidataCOMRAM                            idataCOMRAM  000000
__Hidloc                                  idloc        200008
__Hifardata                               ifardata     000000
__Hinit                                   init         000062
__Hintcode                                intcode      00000E
__Hintcode_body                           intcode_body 000000
__Hintcodelo                              intcodelo    00005E
__Hintentry                               intentry     000000
__Hintret                                 intret       000000
__Hintsave_regs                           intsave_regs 000000
__Hirdata                                 irdata       000000
__Hmediumconst                            mediumconst  000000
__HnvFARRAM                               nvFARRAM     000000
__Hnvbit                                  nvbit        000000
__Hnvrram                                 nvrram       000000
__Hparam                                  rparam       000000
__Hpowerup                                powerup      00005E
__Hram                                    ram          000000
__Hramtop                                 ramtop       000D00
__Hrbit                                   rbit         000000
__Hrbss                                   rbss         000000
__Hrdata                                  rdata        000000
__Hreset_vec                              reset_vec    000004
__Hrparam                                 rparam       000000
__Hsfr                                    sfr          000000
__Hsmallconst                             smallconst   000000
__Hspace_0                                (abs)        30000E
__Hspace_1                                (abs)        000301
__Hspace_2                                (abs)        000000
__Hstack                                  stack        000000
__Hstruct                                 struct       000000
__Htemp                                   temp         00004D
__Htext                                   text         000000
__Htext0                                  text0        000000
__Htext1                                  text1        000000
__Htext10                                 text10       000000
__Htext11                                 text11       000000
__Htext12                                 text12       000000
__Htext13                                 text13       000000
__Htext14                                 text14       000000
__Htext15                                 text15       000000
__Htext16                                 text16       000000
__Htext17                                 text17       000000
__Htext18                                 text18       000000
__Htext19                                 text19       000000
__Htext2                                  text2        000000
__Htext20                                 text20       000000
__Htext21                                 text21       000000
__Htext22                                 text22       000000
__Htext23                                 text23       000000
__Htext24                                 text24       000000
__Htext25                                 text25       000000
__Htext26                                 text26       000000
__Htext27                                 text27       000000
__Htext28                                 text28       000000
__Htext29                                 text29       000000
__Htext3                                  text3        000000
__Htext30                                 text30       000000
__Htext31                                 text31       000000
__Htext32                                 text32       000000
__Htext33                                 text33       000000
__Htext34                                 text34       000000
__Htext35                                 text35       000000
__Htext36                                 text36       000000
__Htext37                                 text37       000000
__Htext38                                 text38       000000
__Htext39                                 text39       000000
__Htext4                                  text4        000000
__Htext40                                 text40       000000
__Htext41                                 text41       000000
__Htext42                                 text42       000000
__Htext43                                 text43       000000
__Htext44                                 text44       000000
__Htext45                                 text45       000000
__Htext46                                 text46       000000
__Htext47                                 text47       000000
__Htext48                                 text48       000000
__Htext49                                 text49       000000
__Htext5                                  text5        000000
__Htext50                                 text50       000000
__Htext51                                 text51       000000
__Htext52                                 text52       000000
__Htext53                                 text53       000000
__Htext54                                 text54       000000
__Htext55                                 text55       000000
__Htext56                                 text56       000000
__Htext57                                 text57       000000
__Htext58                                 text58       000000
__Htext59                                 text59       000000
__Htext6                                  text6        000000
__Htext60                                 text60       000000
__Htext62                                 text62       000000
__Htext63                                 text63       000000
__Htext7                                  text7        000000
__Htext8                                  text8        000000
__Htext9                                  text9        000000
__LRAM                                    (abs)        000001
__Labs1                                   abs1         000000
__Lbank0                                  bank0        000000
__Lbank1                                  bank1        000000
__Lbank10                                 bank10       000000
__Lbank11                                 bank11       000000
__Lbank12                                 bank12       000000
__Lbank2                                  bank2        000000
__Lbank3                                  bank3        000000
__Lbank4                                  bank4        000000
__Lbank5                                  bank5        000000
__Lbank6                                  bank6        000000
__Lbank7                                  bank7        000000
__Lbank8                                  bank8        000000
__Lbank9                                  bank9        000000
__Lbigbss                                 bigbss       000000
__Lbigdata                                bigdata      000000
__Lbigram                                 bigram       000000
__Lbss                                    bss          000000
__LbssBANK0                               bssBANK0     000000
__LbssBIGRAM                              bssBIGRAM    000000
__LbssCOMRAM                              bssCOMRAM    000000
__Lcinit                                  cinit        000000
__Lclrtext                                clrtext      000000
__Lcomram                                 comram       000000
__Lconfig                                 config       300000
__Lconst                                  const        000000
__LcstackBANK0                            cstackBANK0  000000
__LcstackCOMRAM                           cstackCOMRAM 000000
__Ldata                                   data         000000
__LdataCOMRAM                             dataCOMRAM   000000
__Leeprom_data                            eeprom_data  000000
__Lfarbss                                 farbss       000000
__Lfardata                                fardata      000000
__Libigdata                               ibigdata     000000
__Lidata                                  idata        000000
__LidataCOMRAM                            idataCOMRAM  000000
__Lidloc                                  idloc        200000
__Lifardata                               ifardata     000000
__Linit                                   init         00005E
__Lintcode                                intcode      000008
__Lintcode_body                           intcode_body 000000
__Lintcodelo                              intcodelo    000018
__Lintentry                               intentry     000000
__Lintret                                 intret       000000
__Lintsave_regs                           intsave_regs 000000
__Lirdata                                 irdata       000000
__Lmediumconst                            mediumconst  000000
__LnvFARRAM                               nvFARRAM     000000
__Lnvbit                                  nvbit        000000
__Lnvrram                                 nvrram       000000
__Lparam                                  rparam       000000
__Lpowerup                                powerup      00005E
__Lram                                    ram          000000
__Lramtop                                 ramtop       000D00
__Lrbit                                   rbit         000000
__Lrbss                                   rbss         000000
__Lrdata                                  rdata        000000
__Lreset_vec                              reset_vec    000000
__Lrparam                                 rparam       000000
__Lsfr                                    sfr          000000
__Lsmallconst                             smallconst   000000
__Lspace_0                                (abs)        000000
__Lspace_1                                (abs)        000000
__Lspace_2                                (abs)        000000
__Lstack                                  stack        000000
__Lstruct                                 struct       000000
__Ltemp                                   temp         00004C
__Ltext                                   text         000000
__Ltext0                                  text0        000000
__Ltext1                                  text1        000000
__Ltext10                                 text10       000000
__Ltext11                                 text11       000000
__Ltext12                                 text12       000000
__Ltext13                                 text13       000000
__Ltext14                                 text14       000000
__Ltext15                                 text15       000000
__Ltext16                                 text16       000000
__Ltext17                                 text17       000000
__Ltext18                                 text18       000000
__Ltext19                                 text19       000000
__Ltext2                                  text2        000000
__Ltext20                                 text20       000000
__Ltext21                                 text21       000000
__Ltext22                                 text22       000000
__Ltext23                                 text23       000000
__Ltext24                                 text24       000000
__Ltext25                                 text25       000000
__Ltext26                                 text26       000000
__Ltext27                                 text27       000000
__Ltext28                                 text28       000000
__Ltext29                                 text29       000000
__Ltext3                                  text3        000000
__Ltext30                                 text30       000000
__Ltext31                                 text31       000000
__Ltext32                                 text32       000000
__Ltext33                                 text33       000000
__Ltext34                                 text34       000000
__Ltext35                                 text35       000000
__Ltext36                                 text36       000000
__Ltext37                                 text37       000000
__Ltext38                                 text38       000000
__Ltext39                                 text39       000000
__Ltext4                                  text4        000000
__Ltext40                                 text40       000000
__Ltext41                                 text41       000000
__Ltext42                                 text42       000000
__Ltext43                                 text43       000000
__Ltext44                                 text44       000000
__Ltext45                                 text45       000000
__Ltext46                                 text46       000000
__Ltext47                                 text47       000000
__Ltext48                                 text48       000000
__Ltext49                                 text49       000000
__Ltext5                                  text5        000000
__Ltext50                                 text50       000000
__Ltext51                                 text51       000000
__Ltext52                                 text52       000000
__Ltext53                                 text53       000000
__Ltext54                                 text54       000000
__Ltext55                                 text55       000000
__Ltext56                                 text56       000000
__Ltext57                                 text57       000000
__Ltext58                                 text58       000000
__Ltext59                                 text59       000000
__Ltext6                                  text6        000000
__Ltext60                                 text60       000000
__Ltext62                                 text62       000000
__Ltext63                                 text63       000000
__Ltext7                                  text7        000000
__Ltext8                                  text8        000000
__Ltext9                                  text9        000000
__S0                                      (abs)        30000E
__S1                                      (abs)        000301
__S2                                      (abs)        000000
___awdiv                                  text35       0012B6
___awdiv@counter                          cstackCOMRAM 00002E
___awdiv@dividend                         cstackCOMRAM 00002A
___awdiv@divisor                          cstackCOMRAM 00002C
___awdiv@quotient                         cstackCOMRAM 000030
___awdiv@sign                             cstackCOMRAM 00002F
___inthi_sp                               stack        000000
___intlo_sp                               stack        000000
___lwdiv                                  text41       00175E
___lwdiv@counter                          cstackCOMRAM 00002E
___lwdiv@dividend                         cstackCOMRAM 00002A
___lwdiv@divisor                          cstackCOMRAM 00002C
___lwdiv@quotient                         cstackCOMRAM 00002F
___param_bank                             (abs)        000000
___rparam_used                            (abs)        000001
___sp                                     stack        000000
__accesstop                               (abs)        000060
__activetblptr                            (abs)        000002
__end_of_CAN_GenID                        text33       0014A8
__end_of_CAN_MoveBuffIntoFrame            text36       001AE6
__end_of_CAN_SendFrame                    text32       000922
__end_of_CAN_Setup                        text55       001652
__end_of_CAN_SetupClock                   text58       001B0E
__end_of_CAN_SetupFilter_Ne               text57       0012B6
__end_of_CAN_SetupMask                    text56       001590
__end_of_CAN_TakeFrame                    text34       0005AA
__end_of_FLASH_Read                       text60       001BC0
__end_of_FLASH_Write                      text59       0013B6
__end_of_FRAME_AccelerometerStatus        text27       00151E
__end_of_FRAME_AdressOfNeighbors          text26       00032E
__end_of_FRAME_AnalogValue                text25       001C72
__end_of_FRAME_AveragingTimes             text24       0019EA
__end_of_FRAME_AxisStatus                 text23       0019B4
__end_of_FRAME_DataUpdateAndChangeOption  text22       001706
__end_of_FRAME_DeviceReset                text18       000D2E
__end_of_FRAME_ExcitationMultiplier       text17       0017FE
__end_of_FRAME_ExcitationValue            text16       001948
__end_of_FRAME_HandleCanFrame             text2        0007B0
__end_of_FRAME_MapPosition                text15       001C70
__end_of_FRAME_Plot                       text14       00175E
__end_of_FRAME_PrzypisanieDokarty         text13       001220
__end_of_FRAME_SensorExcitationStatus     text5        000E3A
__end_of_FRAME_SoftwareVersion            text4        0015F6
__end_of_INI_All                          text44       001B54
__end_of_INI_GlobalInterrupt              text54       001BEE
__end_of_INI_LED_Start                    text52       001ABC
__end_of_INI_OUTPUT                       text51       001B74
__end_of_INI_Timer                        text50       001BAA
__end_of_ISR_high                         intcode_body 001C6A
__end_of_ISR_low                          intcodelo    00005E
__end_of_IsInNeighbors                    text12       0010D2
__end_of_LED_Control                      text53       000BE6
__end_of_LED_Error                        text3        001B92
__end_of_LED_Left                         text43       0018D8
__end_of_LED_Light_Pos                    text40       001182
__end_of_LED_Right                        text42       001896
__end_of_LED_Update                       text39       001430
__end_of_LOCK_Get                         text11       001C6E
__end_of_LOCK_Set                         text10       001C64
__end_of_MOCK_Klikniecie_Spadek           text31       001C36
__end_of_MOCK_PrzyspieszenieX             text30       001C2C
__end_of_MOCK_PrzyspieszenieY             text29       001C22
__end_of_MOCK_PrzyspieszenieZ             text28       001C18
__end_of_MOC_Aktualna_Temperatura         text9        001C0E
__end_of_MOC_Frame_Counter                text8        001BE0
__end_of_MOC_NOTWORK                      text7        001C5C
__end_of_MOC_Wynikowa_wartosc_roznicowa   text6        001C04
__end_of_NVMInit                          text48       001912
__end_of_NVMRead                          text46       001A88
__end_of_NVMWrite                         text20       00197E
__end_of_NVMalloc                         text49       001A20
__end_of_ReadDataToEEPROM                 text45       000A94
__end_of_ReadfromEEPROM                   text47       001BD2
__end_of_TMR1_Timer_reset                 text63       001B32
__end_of_TMR1_Update_flag_Get             text38       001C4A
__end_of_TMR1_Update_flag_Set             text37       001C40
__end_of_TRM_DataTransmition              text1        00184A
__end_of_WriteDataToEEPROM                text19       001008
__end_of_WritetoEEPROM                    text21       001A54
__end_of___awdiv                          text35       00133A
__end_of___lwdiv                          text41       0017B0
__end_of__initialization                  cinit        00169E
__end_of_main                             text0        000F26
__end_ofi1_TMR1_Update_flag_Set           text62       001C54
__initialization                          cinit        001652
__mediumconst                             mediumconst  000000
__pbssBANK0                               bssBANK0     000060
__pbssBIGRAM                              bssBIGRAM    0000E1
__pbssCOMRAM                              bssCOMRAM    000001
__pcinit                                  cinit        001652
__pcstackBANK0                            cstackBANK0  0000D0
__pcstackCOMRAM                           cstackCOMRAM 000025
__pdataCOMRAM                             dataCOMRAM   000041
__pidataCOMRAM                            idataCOMRAM  001BEE
__pintcode                                intcode      000008
__pintcode_body                           intcode_body 001C64
__pintcodelo                              intcodelo    000018
__ptext0                                  text0        000E3A
__ptext1                                  text1        0017FE
__ptext10                                 text10       001C5C
__ptext11                                 text11       001C6A
__ptext12                                 text12       001008
__ptext13                                 text13       001182
__ptext14                                 text14       001706
__ptext15                                 text15       001C6E
__ptext16                                 text16       001912
__ptext17                                 text17       0017B0
__ptext18                                 text18       000BE6
__ptext19                                 text19       000F26
__ptext2                                  text2        0005AA
__ptext20                                 text20       001948
__ptext21                                 text21       001A20
__ptext22                                 text22       0016AC
__ptext23                                 text23       00197E
__ptext24                                 text24       0019B4
__ptext25                                 text25       001C70
__ptext26                                 text26       000062
__ptext27                                 text27       0014A8
__ptext28                                 text28       001C0E
__ptext29                                 text29       001C18
__ptext3                                  text3        001B74
__ptext30                                 text30       001C22
__ptext31                                 text31       001C2C
__ptext32                                 text32       0007B0
__ptext33                                 text33       001430
__ptext34                                 text34       00032E
__ptext35                                 text35       0012B6
__ptext36                                 text36       001ABC
__ptext37                                 text37       001C36
__ptext38                                 text38       001C40
__ptext39                                 text39       0013B6
__ptext4                                  text4        001590
__ptext40                                 text40       0010D2
__ptext41                                 text41       00175E
__ptext42                                 text42       00184A
__ptext43                                 text43       001896
__ptext44                                 text44       001B32
__ptext45                                 text45       000922
__ptext46                                 text46       001A54
__ptext47                                 text47       001BC0
__ptext48                                 text48       0018D8
__ptext49                                 text49       0019EA
__ptext5                                  text5        000D2E
__ptext50                                 text50       001B92
__ptext51                                 text51       001B54
__ptext52                                 text52       001A88
__ptext53                                 text53       000A94
__ptext54                                 text54       001BE0
__ptext55                                 text55       0015F6
__ptext56                                 text56       00151E
__ptext57                                 text57       001220
__ptext58                                 text58       001AE6
__ptext59                                 text59       00133A
__ptext6                                  text6        001BFA
__ptext60                                 text60       001BAA
__ptext62                                 text62       001C4A
__ptext63                                 text63       001B0E
__ptext7                                  text7        001C54
__ptext8                                  text8        001BD2
__ptext9                                  text9        001C04
__ramtop                                  ramtop       000D00
__size_of_CAN_GenID                       (abs)        000000
__size_of_CAN_MoveBuffIntoFrame           (abs)        000000
__size_of_CAN_SendFrame                   (abs)        000000
__size_of_CAN_Setup                       (abs)        000000
__size_of_CAN_SetupClock                  (abs)        000000
__size_of_CAN_SetupFilter_Ne              (abs)        000000
__size_of_CAN_SetupMask                   (abs)        000000
__size_of_CAN_TakeFrame                   (abs)        000000
__size_of_FLASH_Read                      (abs)        000000
__size_of_FLASH_Write                     (abs)        000000
__size_of_FRAME_AccelerometerStatus       (abs)        000000
__size_of_FRAME_AdressOfNeighbors         (abs)        000000
__size_of_FRAME_AnalogValue               (abs)        000000
__size_of_FRAME_AveragingTimes            (abs)        000000
__size_of_FRAME_AxisStatus                (abs)        000000
__size_of_FRAME_DataUpdateAndChangeOption (abs)        000000
__size_of_FRAME_DeviceReset               (abs)        000000
__size_of_FRAME_ExcitationMultiplier      (abs)        000000
__size_of_FRAME_ExcitationValue           (abs)        000000
__size_of_FRAME_HandleCanFrame            (abs)        000000
__size_of_FRAME_MapPosition               (abs)        000000
__size_of_FRAME_Plot                      (abs)        000000
__size_of_FRAME_PrzypisanieDokarty        (abs)        000000
__size_of_FRAME_SensorExcitationStatus    (abs)        000000
__size_of_FRAME_SoftwareVersion           (abs)        000000
__size_of_INI_All                         (abs)        000000
__size_of_INI_GlobalInterrupt             (abs)        000000
__size_of_INI_LED_Start                   (abs)        000000
__size_of_INI_OUTPUT                      (abs)        000000
__size_of_INI_Timer                       (abs)        000000
__size_of_ISR_high                        (abs)        000000
__size_of_ISR_low                         (abs)        000000
__size_of_IsInNeighbors                   (abs)        000000
__size_of_LED_Control                     (abs)        000000
__size_of_LED_Error                       (abs)        000000
__size_of_LED_Left                        (abs)        000000
__size_of_LED_Light_Pos                   (abs)        000000
__size_of_LED_Right                       (abs)        000000
__size_of_LED_Update                      (abs)        000000
__size_of_LOCK_Get                        (abs)        000000
__size_of_LOCK_Set                        (abs)        000000
__size_of_MOCK_Klikniecie_Spadek          (abs)        000000
__size_of_MOCK_PrzyspieszenieX            (abs)        000000
__size_of_MOCK_PrzyspieszenieY            (abs)        000000
__size_of_MOCK_PrzyspieszenieZ            (abs)        000000
__size_of_MOC_Aktualna_Temperatura        (abs)        000000
__size_of_MOC_Frame_Counter               (abs)        000000
__size_of_MOC_NOTWORK                     (abs)        000000
__size_of_MOC_Wynikowa_wartosc_roznicowa  (abs)        000000
__size_of_NVMInit                         (abs)        000000
__size_of_NVMRead                         (abs)        000000
__size_of_NVMWrite                        (abs)        000000
__size_of_NVMalloc                        (abs)        000000
__size_of_ReadDataToEEPROM                (abs)        000000
__size_of_ReadfromEEPROM                  (abs)        000000
__size_of_TMR1_Timer_reset                (abs)        000000
__size_of_TMR1_Update_flag_Get            (abs)        000000
__size_of_TMR1_Update_flag_Set            (abs)        000000
__size_of_TRM_DataTransmition             (abs)        000000
__size_of_WriteDataToEEPROM               (abs)        000000
__size_of_WritetoEEPROM                   (abs)        000000
__size_of___awdiv                         (abs)        000000
__size_of___lwdiv                         (abs)        000000
__size_of_main                            (abs)        000000
__size_ofi1_TMR1_Update_flag_Set          (abs)        000000
__smallconst                              smallconst   000000
_czujnikiNaMapie                          bssBANK0     0000CE
_main                                     text0        000E3A
_neighborsAdress                          bssCOMRAM    000013
_nextEEPosition                           bssCOMRAM    000005
_ramkaCanRxKarty                          bssBANK0     000060
_ramkaCanTxKarty                          bssBANK0     0000B5
_ustawieniaKarty                          bssCOMRAM    000015
_wartosciSasiada                          bssBIGRAM    0000E1
btemp                                     temp         00004C
end_of_initialization                     cinit        00169E
i1TMR1_Update_flag_Set@a                  cstackCOMRAM 000025
i1_TMR1_Update_flag_Set                   text62       001C4A
int$flags                                 temp         00004C
int_func                                  intcode_body 001C64
intlevel0                                 text         000000
intlevel1                                 text         000000
intlevel2                                 text         000000
intlevel3                                 text         000000
main@adr                                  cstackCOMRAM 00003F
stackhi                                   (abs)        000CF3
stacklo                                   (abs)        000301
start                                     init         00005E
start_initialization                      cinit        001652
ttemp5                                    temp         00004D
ttemp6                                    temp         000050
ttemp7                                    temp         000054
wtemp8                                    temp         00004D


FUNCTION INFORMATION:

 *************** function _main *****************
 Defined at:
		line 100 in file "main.c"
 Parameters:    Size  Location     Type
		None
 Auto vars:     Size  Location     Type
  adr             2   26[COMRAM] int 
 Return value:  Size  Location     Type
                  1    wreg      void 
 Registers used:
		wreg, fsr1l, fsr1h, fsr2l, fsr2h, status,2, status,0, prodl, prodh, cstack
 Tracked objects:
		On entry : 
		On exit  : 
		Unchanged: 
 Data sizes:     COMRAM   BANK0   BANK1   BANK2   BANK3   BANK4   BANK5   BANK6   BANK7   BANK8   BANK9  BANK10  BANK11  BANK12
      Params:         0       0       0       0       0       0       0       0       0       0       0       0       0       0
      Locals:         2       0       0       0       0       0       0       0       0       0       0       0       0       0
      Temps:          0       0       0       0       0       0       0       0       0       0       0       0       0       0
      Totals:         2       0       0       0       0       0       0       0       0       0       0       0       0       0
Total ram usage:        2 bytes
 Hardware stack levels required when called:    9
 This function calls:
		_FLASH_Read
		_FLASH_Write
		_INI_All
		_LED_Update
		_TMR1_Update_flag_Get
		_TMR1_Update_flag_Set
		_TRM_DataTransmition
 This function is called by:
		Startup code after reset
 This function uses a non-reentrant model


 *************** function _TRM_DataTransmition *****************
 Defined at:
		line 19 in file "TRM.c"
 Parameters:    Size  Location     Type
		None
 Auto vars:     Size  Location     Type
  canMessage     17    0[BANK0 ] struct .
  i               1    0        unsigned char 
 Return value:  Size  Location     Type
                  1    wreg      void 
 Registers used:
		wreg, fsr1l, fsr1h, fsr2l, fsr2h, status,2, status,0, prodl, prodh, cstack
 Tracked objects:
		On entry : 
		On exit  : 
		Unchanged: 
 Data sizes:     COMRAM   BANK0   BANK1   BANK2   BANK3   BANK4   BANK5   BANK6   BANK7   BANK8   BANK9  BANK10  BANK11  BANK12
      Params:         0       0       0       0       0       0       0       0       0       0       0       0       0       0
      Locals:         0      17       0       0       0       0       0       0       0       0       0       0       0       0
      Temps:          0       0       0       0       0       0       0       0       0       0       0       0       0       0
      Totals:         0      17       0       0       0       0       0       0       0       0       0       0       0       0
Total ram usage:       17 bytes
 Hardware stack levels used:    1
 Hardware stack levels required when called:    8
 This function calls:
		_CAN_TakeFrame
		_FRAME_HandleCanFrame
 This function is called by:
		_main
 This function uses a non-reentrant model


 *************** function _FRAME_HandleCanFrame *****************
 Defined at:
		line 682 in file "FRAME.c"
 Parameters:    Size  Location     Type
  message         2   17[COMRAM] PTR struct .
		 -> TRM_DataTransmition@canMessage(17), 
 Auto vars:     Size  Location     Type
  ident           2   23[COMRAM] unsigned short 
  alfa            2    0        int 
  identyfikato    1   25[COMRAM] unsigned char 
 Return value:  Size  Location     Type
                  1    wreg      void 
 Registers used:
		wreg, fsr1l, fsr1h, fsr2l, fsr2h, status,2, status,0, prodl, prodh, cstack
 Tracked objects:
		On entry : 
		On exit  : 
		Unchanged: 
 Data sizes:     COMRAM   BANK0   BANK1   BANK2   BANK3   BANK4   BANK5   BANK6   BANK7   BANK8   BANK9  BANK10  BANK11  BANK12
      Params:         2       0       0       0       0       0       0       0       0       0       0       0       0       0
      Locals:         5       0       0       0       0       0       0       0       0       0       0       0       0       0
      Temps:          2       0       0       0       0       0       0       0       0       0       0       0       0       0
      Totals:         9       0       0       0       0       0       0       0       0       0       0       0       0       0
Total ram usage:        9 bytes
 Hardware stack levels used:    1
 Hardware stack levels required when called:    7
 This function calls:
		_CAN_GenID
		_CAN_SendFrame
		_FRAME_AccelerometerStatus
		_FRAME_AdressOfNeighbors
		_FRAME_AnalogValue
		_FRAME_AveragingTimes
		_FRAME_AxisStatus
		_FRAME_DeviceReset
		_FRAME_ExcitationMultiplier
		_FRAME_ExcitationValue
		_FRAME_MapPosition
		_FRAME_Plot
		_FRAME_PrzypisanieDokarty
		_FRAME_SensorExcitationStatus
		_FRAME_SoftwareVersion
		_LED_Error
		___awdiv
 This function is called by:
		_TRM_DataTransmition
 This function uses a non-reentrant model


 *************** function _LED_Error *****************
 Defined at:
		line 37 in file "LED.c"
 Parameters:    Size  Location     Type
		None
 Auto vars:     Size  Location     Type
		None
 Return value:  Size  Location     Type
                  2  364[None  ] unsigned int 
 Registers used:
		wreg, status,2, status,0, cstack
 Tracked objects:
		On entry : 
		On exit  : 
		Unchanged: 
 Data sizes:     COMRAM   BANK0   BANK1   BANK2   BANK3   BANK4   BANK5   BANK6   BANK7   BANK8   BANK9  BANK10  BANK11  BANK12
      Params:         0       0       0       0       0       0       0       0       0       0       0       0       0       0
      Locals:         0       0       0       0       0       0       0       0       0       0       0       0       0       0
      Temps:          0       0       0       0       0       0       0       0       0       0       0       0       0       0
      Totals:         0       0       0       0       0       0       0       0       0       0       0       0       0       0
Total ram usage:        0 bytes
 Hardware stack levels used:    1
 Hardware stack levels required when called:    4
 This function calls:
		_LED_Control
 This function is called by:
		_FRAME_HandleCanFrame
 This function uses a non-reentrant model


[...]
                  1    wreg      unsigned char 
 Registers used:
		wreg, status,2, status,0
 Tracked objects:
		On entry : 
		On exit  : 
		Unchanged: 
 Data sizes:     COMRAM   BANK0   BANK1   BANK2   BANK3   BANK4   BANK5   BANK6   BANK7   BANK8   BANK9  BANK10  BANK11  BANK12
      Params:         2       0       0       0       0       0       0       0       0       0       0       0       0       0
      Locals:         3       0       0       0       0       0       0       0       0       0       0       0       0       0
      Temps:          0       0       0       0       0       0       0       0       0       0       0       0       0       0
      Totals:         5       0       0       0       0       0       0       0       0       0       0       0       0       0
Total ram usage:        5 bytes
 Hardware stack levels used:    1
 Hardware stack levels required when called:    3
 This function calls:
		Nothing
 This function is called by:
		_LED_Error
		_LED_Update
		_LED_Light_Pos
		_INI_LED_Start
		_LED_Clear
 This function uses a non-reentrant model


 *************** function _INI_GlobalInterrupt *****************
 Defined at:
		line 78 in file "INI.c"
 Parameters:    Size  Location     Type
		None
 Auto vars:     Size  Location     Type
		None
 Return value:  Size  Location     Type
                  1    wreg      void 
 Registers used:
		None
 Tracked objects:
		On entry : 
		On exit  : 
		Unchanged: 
 Data sizes:     COMRAM   BANK0   BANK1   BANK2   BANK3   BANK4   BANK5   BANK6   BANK7   BANK8   BANK9  BANK10  BANK11  BANK12
      Params:         0       0       0       0       0       0       0       0       0       0       0       0       0       0
      Locals:         0       0       0       0       0       0       0       0       0       0       0       0       0       0
      Temps:          0       0       0       0       0       0       0       0       0       0       0       0       0       0
      Totals:         0       0       0       0       0       0       0       0       0       0       0       0       0       0
Total ram usage:        0 bytes
 Hardware stack levels used:    1
 Hardware stack levels required when called:    3
 This function calls:
		Nothing
 This function is called by:
		_INI_All
 This function uses a non-reentrant model


 *************** function _CAN_Setup *****************
 Defined at:
		line 24 in file "CAN.c"
 Parameters:    Size  Location     Type
		None
 Auto vars:     Size  Location     Type
		None
 Return value:  Size  Location     Type
                  1    wreg      void 
 Registers used:
		wreg, status,2, status,0, cstack
 Tracked objects:
		On entry : 
		On exit  : 
		Unchanged: 
 Data sizes:     COMRAM   BANK0   BANK1   BANK2   BANK3   BANK4   BANK5   BANK6   BANK7   BANK8   BANK9  BANK10  BANK11  BANK12
      Params:         0       0       0       0       0       0       0       0       0       0       0       0       0       0
      Locals:         0       0       0       0       0       0       0       0       0       0       0       0       0       0
      Temps:          1       0       0       0       0       0       0       0       0       0       0       0       0       0
      Totals:         1       0       0       0       0       0       0       0       0       0       0       0       0       0
Total ram usage:        1 bytes
 Hardware stack levels used:    1
 Hardware stack levels required when called:    5
 This function calls:
		_CAN_SetupClock
		_CAN_SetupMask
 This function is called by:
		_INI_All
 This function uses a non-reentrant model


 *************** function _CAN_SetupMask *****************
 Defined at:
		line 84 in file "CAN.c"
 Parameters:    Size  Location     Type
		None
 Auto vars:     Size  Location     Type
		None
 Return value:  Size  Location     Type
                  1    wreg      void 
 Registers used:
		wreg, status,2, cstack
 Tracked objects:
		On entry : 
		On exit  : 
		Unchanged: 
 Data sizes:     COMRAM   BANK0   BANK1   BANK2   BANK3   BANK4   BANK5   BANK6   BANK7   BANK8   BANK9  BANK10  BANK11  BANK12
      Params:         0       0       0       0       0       0       0       0       0       0       0       0       0       0
      Locals:         0       0       0       0       0       0       0       0       0       0       0       0       0       0
      Temps:          0       0       0       0       0       0       0       0       0       0       0       0       0       0
      Totals:         0       0       0       0       0       0       0       0       0       0       0       0       0       0
Total ram usage:        0 bytes
 Hardware stack levels used:    1
 Hardware stack levels required when called:    4
 This function calls:
		_CAN_SetupFilter_Ne
 This function is called by:
		_CAN_Setup
 This function uses a non-reentrant model


 *************** function _CAN_SetupFilter_Ne *****************
 Defined at:
		line 140 in file "CAN.c"
 Parameters:    Size  Location     Type
		None
 Auto vars:     Size  Location     Type
		None
 Return value:  Size  Location     Type
                  1    wreg      void 
 Registers used:
		wreg, status,2
 Tracked objects:
		On entry : 
		On exit  : 
		Unchanged: 
 Data sizes:     COMRAM   BANK0   BANK1   BANK2   BANK3   BANK4   BANK5   BANK6   BANK7   BANK8   BANK9  BANK10  BANK11  BANK12
      Params:         0       0       0       0       0       0       0       0       0       0       0       0       0       0
      Locals:         0       0       0       0       0       0       0       0       0       0       0       0       0       0
      Temps:          0       0       0       0       0       0       0       0       0       0       0       0       0       0
      Totals:         0       0       0       0       0       0       0       0       0       0       0       0       0       0
Total ram usage:        0 bytes
 Hardware stack levels used:    1
 Hardware stack levels required when called:    3
 This function calls:
		Nothing
 This function is called by:
		_CAN_SetupMask
		_FRAME_AdressOfNeighbors
 This function uses a non-reentrant model


 *************** function _CAN_SetupClock *****************
 Defined at:
		line 199 in file "CAN.c"
 Parameters:    Size  Location     Type
		None
 Auto vars:     Size  Location     Type
		None
 Return value:  Size  Location     Type
                  1    wreg      void 
 Registers used:
		None
 Tracked objects:
		On entry : 
		On exit  : 
		Unchanged: 
 Data sizes:     COMRAM   BANK0   BANK1   BANK2   BANK3   BANK4   BANK5   BANK6   BANK7   BANK8   BANK9  BANK10  BANK11  BANK12
      Params:         0       0       0       0       0       0       0       0       0       0       0       0       0       0
      Locals:         0       0       0       0       0       0       0       0       0       0       0       0       0       0
      Temps:          0       0       0       0       0       0       0       0       0       0       0       0       0       0
      Totals:         0       0       0       0       0       0       0       0       0       0       0       0       0       0
Total ram usage:        0 bytes
 Hardware stack levels used:    1
 Hardware stack levels required when called:    3
 This function calls:
		Nothing
 This function is called by:
		_CAN_Setup
 This function uses a non-reentrant model


 *************** function _FLASH_Write *****************
 Defined at:
		line 23 in file "FLASH.c"
 Parameters:    Size  Location     Type
  addr            4    5[COMRAM] long 
  val             2    9[COMRAM] unsigned int 
 Auto vars:     Size  Location     Type
  flashWrBufPt    2   15[COMRAM] PTR unsigned int 
		 -> FLASH_Write@val(2), 
  GIEBitValue     2   13[COMRAM] unsigned int 
  i               2    0        int 
 Return value:  Size  Location     Type
                  1    wreg      void 
 Registers used:
		wreg, fsr2l, fsr2h, status,2, status,0
 Tracked objects:
		On entry : 
		On exit  : 
		Unchanged: 
 Data sizes:     COMRAM   BANK0   BANK1   BANK2   BANK3   BANK4   BANK5   BANK6   BANK7   BANK8   BANK9  BANK10  BANK11  BANK12
      Params:         6       0       0       0       0       0       0       0       0       0       0       0       0       0
      Locals:         4       0       0       0       0       0       0       0       0       0       0       0       0       0
      Temps:          2       0       0       0       0       0       0       0       0       0       0       0       0       0
      Totals:        12       0       0       0       0       0       0       0       0       0       0       0       0       0
Total ram usage:       12 bytes
 Hardware stack levels used:    1
 Hardware stack levels required when called:    3
 This function calls:
		Nothing
 This function is called by:
		_main
 This function uses a non-reentrant model


 *************** function _FLASH_Read *****************
 Defined at:
		line 16 in file "FLASH.c"
 Parameters:    Size  Location     Type
  addr            4    5[COMRAM] long 
 Auto vars:     Size  Location     Type
		None
 Return value:  Size  Location     Type
                  2    5[COMRAM] unsigned int 
 Registers used:
		None
 Tracked objects:
		On entry : 
		On exit  : 
		Unchanged: 
 Data sizes:     COMRAM   BANK0   BANK1   BANK2   BANK3   BANK4   BANK5   BANK6   BANK7   BANK8   BANK9  BANK10  BANK11  BANK12
      Params:         4       0       0       0       0       0       0       0       0       0       0       0       0       0
      Locals:         0       0       0       0       0       0       0       0       0       0       0       0       0       0
      Temps:          0       0       0       0       0       0       0       0       0       0       0       0       0       0
      Totals:         4       0       0       0       0       0       0       0       0       0       0       0       0       0
Total ram usage:        4 bytes
 Hardware stack levels used:    1
 Hardware stack levels required when called:    3
 This function calls:
		Nothing
 This function is called by:
		_main
 This function uses a non-reentrant model


 *************** function _ISR_low *****************
 Defined at:
		line 16 in file "ISR.c"
 Parameters:    Size  Location     Type
		None
 Auto vars:     Size  Location     Type
		None
 Return value:  Size  Location     Type
                  1    wreg      void 
 Registers used:
		wreg, status,2, status,0, cstack
 Tracked objects:
		On entry : 
		On exit  : 
		Unchanged: 
 Data sizes:     COMRAM   BANK0   BANK1   BANK2   BANK3   BANK4   BANK5   BANK6   BANK7   BANK8   BANK9  BANK10  BANK11  BANK12
      Params:         0       0       0       0       0       0       0       0       0       0       0       0       0       0
      Locals:         0       0       0       0       0       0       0       0       0       0       0       0       0       0
      Temps:          3       0       0       0       0       0       0       0       0       0       0       0       0       0
      Totals:         3       0       0       0       0       0       0       0       0       0       0       0       0       0
Total ram usage:        3 bytes
 Hardware stack levels used:    1
 Hardware stack levels required when called:    2
 This function calls:
		_TMR1_Timer_reset
		i1_TMR1_Update_flag_Set
 This function is called by:
		Interrupt level 1
 This function uses a non-reentrant model


 *************** function i1_TMR1_Update_flag_Set *****************
 Defined at:
		line 32 in file "TMR1.c"
 Parameters:    Size  Location     Type
  a               2    0[COMRAM] unsigned int 
 Auto vars:     Size  Location     Type
		None
 Return value:  Size  Location     Type
                  1    wreg      void 
 Registers used:
		None
 Tracked objects:
		On entry : 
		On exit  : 
		Unchanged: 
 Data sizes:     COMRAM   BANK0   BANK1   BANK2   BANK3   BANK4   BANK5   BANK6   BANK7   BANK8   BANK9  BANK10  BANK11  BANK12
      Params:         2       0       0       0       0       0       0       0       0       0       0       0       0       0
      Locals:         0       0       0       0       0       0       0       0       0       0       0       0       0       0
      Temps:          0       0       0       0       0       0       0       0       0       0       0       0       0       0
      Totals:         2       0       0       0       0       0       0       0       0       0       0       0       0       0
Total ram usage:        2 bytes
 Hardware stack levels used:    1
 Hardware stack levels required when called:    1
 This function calls:
		Nothing
 This function is called by:
		_ISR_low
 This function uses a non-reentrant model


 *************** function _TMR1_Timer_reset *****************
 Defined at:
		line 63 in file "TMR1.c"
 Parameters:    Size  Location     Type
		None
 Auto vars:     Size  Location     Type
  t1H             1    1[COMRAM] volatile unsigned char 
  t1L             1    0[COMRAM] volatile unsigned char 
 Return value:  Size  Location     Type
                  1    wreg      unsigned char 
 Registers used:
		wreg, status,2, status,0
 Tracked objects:
		On entry : 
		On exit  : 
		Unchanged: 
 Data sizes:     COMRAM   BANK0   BANK1   BANK2   BANK3   BANK4   BANK5   BANK6   BANK7   BANK8   BANK9  BANK10  BANK11  BANK12
      Params:         0       0       0       0       0       0       0       0       0       0       0       0       0       0
      Locals:         2       0       0       0       0       0       0       0       0       0       0       0       0       0
      Temps:          0       0       0       0       0       0       0       0       0       0       0       0       0       0
      Totals:         2       0       0       0       0       0       0       0       0       0       0       0       0       0
Total ram usage:        2 bytes
 Hardware stack levels used:    1
 Hardware stack levels required when called:    1
 This function calls:
		Nothing
 This function is called by:
		_ISR_low
 This function uses a non-reentrant model


 *************** function _ISR_high *****************
 Defined at:
		line 53 in file "ISR.c"
 Parameters:    Size  Location     Type
		None
 Auto vars:     Size  Location     Type
		None
 Return value:  Size  Location     Type
                  1    wreg      void 
 Registers used:
		None
 Tracked objects:
		On entry : 
		On exit  : 
		Unchanged: 
 Data sizes:     COMRAM   BANK0   BANK1   BANK2   BANK3   BANK4   BANK5   BANK6   BANK7   BANK8   BANK9  BANK10  BANK11  BANK12
      Params:         0       0       0       0       0       0       0       0       0       0       0       0       0       0
      Locals:         0       0       0       0       0       0       0       0       0       0       0       0       0       0
      Temps:          0       0       0       0       0       0       0       0       0       0       0       0       0       0
      Totals:         0       0       0       0       0       0       0       0       0       0       0       0       0       0
Total ram usage:        0 bytes
 Hardware stack levels used:    1
 This function calls:
		Nothing
 This function is called by:
		Interrupt level 2
 This function uses a non-reentrant model



MODULE INFORMATION

Module		Function		Class		Link	Load	Size
FRAME.c
		_FRAME_ExcitationMultiplier		CODE           	17B0	0000	79
		_FRAME_DataUpdateAndChangeOption		CODE           	16AC	0000	91
		_WriteDataToEEPROM		CODE           	0F26	0000	227
		_FRAME_SensorExcitationStatus		CODE           	0D2E	0000	269
		_FRAME_ExcitationValue		CODE           	1912	0000	55
		_FRAME_SoftwareVersion		CODE           	1590	0000	103
		_IsInNeighbors 		CODE           	1008	0000	203
		_FRAME_AxisStatus		CODE           	197E	0000	55
		_FRAME_AnalogValue		CODE           	1C70	0000	3
		_ReadDataToEEPROM		CODE           	0922	0000	371
		_FRAME_Plot    		CODE           	1706	0000	89
		_FRAME_HandleCanFrame		CODE           	05AA	0000	519
		_FRAME_DeviceReset		CODE           	0BE6	0000	329
		_FRAME_MapPosition		CODE           	1C6E	0000	3
		_FRAME_AdressOfNeighbors		CODE           	0062	0000	717
		_FRAME_PrzypisanieDokarty		CODE           	1182	0000	159
		_FRAME_AveragingTimes		CODE           	19B4	0000	55
		_FRAME_AccelerometerStatus		CODE           	14A8	0000	119

FRAME.c estimated size: 3446

TMR1.c
		_TMR1_Timer_reset		CODE           	1B0E	0000	37
		_TMR1_Update_flag_Set		CODE           	1C36	0000	11
		_INI_Timer     		CODE           	1B92	0000	25
		_TMR1_Update_flag_Get		CODE           	1C40	0000	11

TMR1.c estimated size: 84

LED.c
		_LOCK_Get      		CODE           	1C6A	0000	5
		_LOCK_Set      		CODE           	1C5C	0000	9
		_LED_Update    		CODE           	13B6	0000	123
		_LED_Left      		CODE           	1896	0000	67
		_LED_Right     		CODE           	184A	0000	77
		_INI_LED_Start 		CODE           	1A88	0000	53
		_LED_Light_Pos 		CODE           	10D2	0000	177
		_LED_Control   		CODE           	0A94	0000	339
		_LED_Error     		CODE           	1B74	0000	31

LED.c estimated size: 881

TRM.c
		_TRM_DataTransmition		CODE           	17FE	0000	77

TRM.c estimated size: 77

FLASH.c
		_FLASH_Write   		CODE           	133A	0000	125
		_FLASH_Read    		CODE           	1BAA	0000	23

FLASH.c estimated size: 148

C:\Program Files (x86)\Microchip\xc8\v2.05\pic\sources\c99\common\lwdiv.c
		___lwdiv       		CODE           	175E	0000	83

C:\Program Files (x86)\Microchip\xc8\v2.05\pic\sources\c99\common\lwdiv.c estimated size: 83

C:\Program Files (x86)\Microchip\xc8\v2.05\pic\sources\c99\common\awdiv.c
		___awdiv       		CODE           	12B6	0000	133

C:\Program Files (x86)\Microchip\xc8\v2.05\pic\sources\c99\common\awdiv.c estimated size: 133

EEPROM.c
		_NVMWrite      		CODE           	1948	0000	55
		_NVMInit       		CODE           	18D8	0000	59
		_ReadfromEEPROM		CODE           	1BC0	0000	19
		_NVMalloc      		CODE           	19EA	0000	55
		_NVMRead       		CODE           	1A54	0000	53
		_WritetoEEPROM 		CODE           	1A20	0000	53

EEPROM.c estimated size: 294

INI.c
		_INI_GlobalInterrupt		CODE           	1BE0	0000	15
		_INI_OUTPUT    		CODE           	1B54	0000	33
		_INI_All       		CODE           	1B32	0000	35

INI.c estimated size: 83

shared
		i1_TMR1_Update_flag_Set		CODE           	1C4A	0000	11
		__initialization		CODE           	1652	0000	77

shared estimated size: 88

ISR.c
		_ISR_high      		CODE           	0008	0000	13
		_ISR_low       		CODE           	0018	0000	71

ISR.c estimated size: 84

MOC_Funct.c
		_MOC_Frame_Counter		CODE           	1BD2	0000	15
		_MOC_NOTWORK   		CODE           	1C54	0000	9
		_MOC_Wynikowa_wartosc_roznicowa		CODE           	1BFA	0000	11
		_MOCK_Klikniecie_Spadek		CODE           	1C2C	0000	11
		_MOCK_PrzyspieszenieX		CODE           	1C22	0000	11
		_MOC_Aktualna_Temperatura		CODE           	1C04	0000	11
		_MOCK_PrzyspieszenieY		CODE           	1C18	0000	11
		_MOCK_PrzyspieszenieZ		CODE           	1C0E	0000	11

MOC_Funct.c estimated size: 90

main.c
		_main          		CODE           	0E3A	0000	237

main.c estimated size: 237

CAN.c
		_CAN_TakeFrame 		CODE           	032E	0000	637
		_CAN_GenID     		CODE           	1430	0000	121
		_CAN_Setup     		CODE           	15F6	0000	93
		_CAN_SendFrame 		CODE           	07B0	0000	371
		_CAN_MoveBuffIntoFrame		CODE           	1ABC	0000	43
		_CAN_SetupFilter_Ne		CODE           	1220	0000	151
		_CAN_SetupMask 		CODE           	151E	0000	115
		_CAN_SetupClock		CODE           	1AE6	0000	41

CAN.c estimated size: 1572

